Component: ARM Compiler 5.06 update 5 (build 528) Tool: armlink [4d35e2]

==============================================================================

Section Cross References

    startup_stm32f407xx.o(STACK) refers (Special) to heapauxi.o(.text) for __use_two_region_memory
    startup_stm32f407xx.o(HEAP) refers (Special) to heapauxi.o(.text) for __use_two_region_memory
    startup_stm32f407xx.o(RESET) refers (Special) to heapauxi.o(.text) for __use_two_region_memory
    startup_stm32f407xx.o(RESET) refers to startup_stm32f407xx.o(STACK) for __initial_sp
    startup_stm32f407xx.o(RESET) refers to startup_stm32f407xx.o(.text) for Reset_Handler
    startup_stm32f407xx.o(RESET) refers to stm32f4xx_it.o(i.NMI_Handler) for NMI_Handler
    startup_stm32f407xx.o(RESET) refers to stm32f4xx_it.o(i.HardFault_Handler) for HardFault_Handler
    startup_stm32f407xx.o(RESET) refers to stm32f4xx_it.o(i.MemManage_Handler) for MemManage_Handler
    startup_stm32f407xx.o(RESET) refers to stm32f4xx_it.o(i.BusFault_Handler) for BusFault_Handler
    startup_stm32f407xx.o(RESET) refers to stm32f4xx_it.o(i.UsageFault_Handler) for UsageFault_Handler
    startup_stm32f407xx.o(RESET) refers to stm32f4xx_it.o(i.SVC_Handler) for SVC_Handler
    startup_stm32f407xx.o(RESET) refers to stm32f4xx_it.o(i.DebugMon_Handler) for DebugMon_Handler
    startup_stm32f407xx.o(RESET) refers to stm32f4xx_it.o(i.PendSV_Handler) for PendSV_Handler
    startup_stm32f407xx.o(RESET) refers to stm32f4xx_it.o(i.SysTick_Handler) for SysTick_Handler
    startup_stm32f407xx.o(RESET) refers to stm32f4xx_it.o(i.TIM1_UP_TIM10_IRQHandler) for TIM1_UP_TIM10_IRQHandler
    startup_stm32f407xx.o(RESET) refers to stm32f4xx_it.o(i.UART5_IRQHandler) for UART5_IRQHandler
    startup_stm32f407xx.o(.text) refers (Special) to heapauxi.o(.text) for __use_two_region_memory
    startup_stm32f407xx.o(.text) refers to system_stm32f4xx.o(i.SystemInit) for SystemInit
    startup_stm32f407xx.o(.text) refers to __main.o(!!!main) for __main
    startup_stm32f407xx.o(.text) refers to startup_stm32f407xx.o(HEAP) for Heap_Mem
    startup_stm32f407xx.o(.text) refers to startup_stm32f407xx.o(STACK) for Stack_Mem
    main.o(i.HAL_TIM_PeriodElapsedCallback) refers to mpu6050.o(i.MPU6050_Get_All_Data) for MPU6050_Get_All_Data
    main.o(i.HAL_TIM_PeriodElapsedCallback) refers to motion_control.o(i.Motion_Update_In_Interrupt) for Motion_Update_In_Interrupt
    main.o(i.HAL_TIM_PeriodElapsedCallback) refers to main.o(.data) for .data
    main.o(i.HAL_UART_RxCpltCallback) refers to stm32f4xx_hal_uart.o(i.HAL_UART_Receive_IT) for HAL_UART_Receive_IT
    main.o(i.HAL_UART_RxCpltCallback) refers to main.o(.data) for .data
    main.o(i.HAL_UART_RxCpltCallback) refers to main.o(.bss) for .bss
    main.o(i.HAL_UART_RxCpltCallback) refers to usart.o(.bss) for huart5
    main.o(i.SystemClock_Config) refers to rt_memclr_w.o(.text) for __aeabi_memclr4
    main.o(i.SystemClock_Config) refers to stm32f4xx_hal_rcc.o(i.HAL_RCC_OscConfig) for HAL_RCC_OscConfig
    main.o(i.SystemClock_Config) refers to stm32f4xx_hal_rcc.o(i.HAL_RCC_ClockConfig) for HAL_RCC_ClockConfig
    main.o(i.main) refers to _printf_percent.o(.ARM.Collect$$_printf_percent$$00000000) for _printf_percent
    main.o(i.main) refers to _printf_d.o(.ARM.Collect$$_printf_percent$$00000009) for _printf_d
    main.o(i.main) refers to _printf_dec.o(.text) for _printf_int_dec
    main.o(i.main) refers to _printf_f.o(.ARM.Collect$$_printf_percent$$00000003) for _printf_f
    main.o(i.main) refers to printf1.o(x$fpl$printf1) for _printf_fp_dec
    main.o(i.main) refers to stm32f4xx_hal.o(i.HAL_Init) for HAL_Init
    main.o(i.main) refers to main.o(i.SystemClock_Config) for SystemClock_Config
    main.o(i.main) refers to gpio.o(i.MX_GPIO_Init) for MX_GPIO_Init
    main.o(i.main) refers to i2c.o(i.MX_I2C1_Init) for MX_I2C1_Init
    main.o(i.main) refers to tim.o(i.MX_TIM9_Init) for MX_TIM9_Init
    main.o(i.main) refers to tim.o(i.MX_TIM3_Init) for MX_TIM3_Init
    main.o(i.main) refers to tim.o(i.MX_TIM8_Init) for MX_TIM8_Init
    main.o(i.main) refers to usart.o(i.MX_UART5_Init) for MX_UART5_Init
    main.o(i.main) refers to tim.o(i.MX_TIM10_Init) for MX_TIM10_Init
    main.o(i.main) refers to oled.o(i.OLED_Init) for OLED_Init
    main.o(i.main) refers to motordriver.o(i.Motor_Init) for Motor_Init
    main.o(i.main) refers to encoder.o(i.Encoder_Init) for Encoder_Init
    main.o(i.main) refers to motion_control.o(i.Motion_Init) for Motion_Init
    main.o(i.main) refers to sensor.o(i.Serial_Sensor_Init) for Serial_Sensor_Init
    main.o(i.main) refers to alert.o(i.Alert_Init) for Alert_Init
    main.o(i.main) refers to mpu6050.o(i.MPU6050_DMP_init) for MPU6050_DMP_init
    main.o(i.main) refers to noretval__2sprintf.o(.text) for __2sprintf
    main.o(i.main) refers to strlen.o(.text) for strlen
    main.o(i.main) refers to stm32f4xx_hal_uart.o(i.HAL_UART_Transmit) for HAL_UART_Transmit
[...]
    TIM1_BRK_TIM9_IRQHandler                 0x080002a7   Thumb Code     0  startup_stm32f407xx.o(.text)
    TIM1_CC_IRQHandler                       0x080002a7   Thumb Code     0  startup_stm32f407xx.o(.text)
    TIM1_TRG_COM_TIM11_IRQHandler            0x080002a7   Thumb Code     0  startup_stm32f407xx.o(.text)
    TIM2_IRQHandler                          0x080002a7   Thumb Code     0  startup_stm32f407xx.o(.text)
    TIM3_IRQHandler                          0x080002a7   Thumb Code     0  startup_stm32f407xx.o(.text)
    TIM4_IRQHandler                          0x080002a7   Thumb Code     0  startup_stm32f407xx.o(.text)
    TIM5_IRQHandler                          0x080002a7   Thumb Code     0  startup_stm32f407xx.o(.text)
    TIM6_DAC_IRQHandler                      0x080002a7   Thumb Code     0  startup_stm32f407xx.o(.text)
    TIM7_IRQHandler                          0x080002a7   Thumb Code     0  startup_stm32f407xx.o(.text)
    TIM8_BRK_TIM12_IRQHandler                0x080002a7   Thumb Code     0  startup_stm32f407xx.o(.text)
    TIM8_CC_IRQHandler                       0x080002a7   Thumb Code     0  startup_stm32f407xx.o(.text)
    TIM8_TRG_COM_TIM14_IRQHandler            0x080002a7   Thumb Code     0  startup_stm32f407xx.o(.text)
    TIM8_UP_TIM13_IRQHandler                 0x080002a7   Thumb Code     0  startup_stm32f407xx.o(.text)
    UART4_IRQHandler                         0x080002a7   Thumb Code     0  startup_stm32f407xx.o(.text)
    USART1_IRQHandler                        0x080002a7   Thumb Code     0  startup_stm32f407xx.o(.text)
    USART2_IRQHandler                        0x080002a7   Thumb Code     0  startup_stm32f407xx.o(.text)
    USART3_IRQHandler                        0x080002a7   Thumb Code     0  startup_stm32f407xx.o(.text)
    USART6_IRQHandler                        0x080002a7   Thumb Code     0  startup_stm32f407xx.o(.text)
    WWDG_IRQHandler                          0x080002a7   Thumb Code     0  startup_stm32f407xx.o(.text)
    __user_initial_stackheap                 0x080002a9   Thumb Code     0  startup_stm32f407xx.o(.text)
    __aeabi_uldivmod                         0x080002cd   Thumb Code     0  lludivv7m.o(.text)
    _ll_udiv                                 0x080002cd   Thumb Code   238  lludivv7m.o(.text)
    __aeabi_ldivmod                          0x080003bb   Thumb Code     0  llsdiv.o(.text)
    _ll_sdiv                                 0x080003bb   Thumb Code    72  llsdiv.o(.text)
    __2sprintf                               0x08000405   Thumb Code    34  noretval__2sprintf.o(.text)
    __2snprintf                              0x0800042d   Thumb Code    48  noretval__2snprintf.o(.text)
    _printf_str                              0x08000461   Thumb Code    82  _printf_str.o(.text)
    _printf_int_dec                          0x080004b5   Thumb Code   104  _printf_dec.o(.text)
    __printf                                 0x0800052d   Thumb Code   270  __printf_wp.o(.text)
    memcmp                                   0x0800063b   Thumb Code    88  memcmp.o(.text)
    strlen                                   0x08000693   Thumb Code    62  strlen.o(.text)
    __aeabi_memset                           0x080006d1   Thumb Code    16  aeabi_memset.o(.text)
    __aeabi_memclr4                          0x080006e1   Thumb Code     0  rt_memclr_w.o(.text)
    __aeabi_memclr8                          0x080006e1   Thumb Code     0  rt_memclr_w.o(.text)
    __rt_memclr_w                            0x080006e1   Thumb Code    78  rt_memclr_w.o(.text)
    _memset_w                                0x080006e5   Thumb Code     0  rt_memclr_w.o(.text)
    __use_two_region_memory                  0x0800072f   Thumb Code     2  heapauxi.o(.text)
    __rt_heap_escrow$2region                 0x08000731   Thumb Code     2  heapauxi.o(.text)
    __rt_heap_expand$2region                 0x08000733   Thumb Code     2  heapauxi.o(.text)
    __read_errno                             0x08000735   Thumb Code    10  _rserrno.o(.text)
    __set_errno                              0x0800073f   Thumb Code    12  _rserrno.o(.text)
    _printf_int_common                       0x0800074b   Thumb Code   178  _printf_intcommon.o(.text)
    __lib_sel_fp_printf                      0x080007fd   Thumb Code     2  _printf_fp_dec.o(.text)
    _printf_fp_dec_real                      0x080009af   Thumb Code   620  _printf_fp_dec.o(.text)
    _printf_char_common                      0x08000c27   Thumb Code    32  _printf_char_common.o(.text)
    _sputc                                   0x08000c4d   Thumb Code    10  _sputc.o(.text)
    _snputc                                  0x08000c57   Thumb Code    16  _snputc.o(.text)
    _printf_cs_common                        0x08000c67   Thumb Code    20  _printf_char.o(.text)
    _printf_char                             0x08000c7b   Thumb Code    16  _printf_char.o(.text)
    _printf_string                           0x08000c8b   Thumb Code     8  _printf_char.o(.text)
    __aeabi_memclr                           0x08000c93   Thumb Code     0  rt_memclr.o(.text)
    __rt_memclr                              0x08000c93   Thumb Code    68  rt_memclr.o(.text)
    _memset                                  0x08000c97   Thumb Code     0  rt_memclr.o(.text)
    __rt_locale                              0x08000cd9   Thumb Code     8  rt_locale_intlibspace.o(.text)
    __aeabi_errno_addr                       0x08000ce1   Thumb Code     8  rt_errno_addr_intlibspace.o(.text)
    __errno$intlibspace                      0x08000ce1   Thumb Code     0  rt_errno_addr_intlibspace.o(.text)
    __rt_errno_addr$intlibspace              0x08000ce1   Thumb Code     0  rt_errno_addr_intlibspace.o(.text)
    _ll_udiv10                               0x08000ce9   Thumb Code   138  lludiv10.o(.text)
    _printf_fp_infnan                        0x08000d75   Thumb Code   112  _printf_fp_infnan.o(.text)
    _btod_etento                             0x08000df5   Thumb Code   224  bigflt0.o(.text)
    __user_libspace                          0x08000ed9   Thumb Code     8  libspace.o(.text)
    __user_perproc_libspace                  0x08000ed9   Thumb Code     0  libspace.o(.text)
    __user_perthread_libspace                0x08000ed9   Thumb Code     0  libspace.o(.text)
    __user_setup_stackheap                   0x08000ee1   Thumb Code    74  sys_stackheap_outer.o(.text)
    exit                                     0x08000f2b   Thumb Code    18  exit.o(.text)
    strcmp                                   0x08000f3d   Thumb Code   128  strcmpv7m.o(.text)
    _sys_exit                                0x08000fbd   Thumb Code     8  sys_exit.o(.text)
    __I$use$semihosting                      0x08000fc9   Thumb Code     0  use_no_semi.o(.text)
    __use_no_semihosting_swi                 0x08000fc9   Thumb Code     2  use_no_semi.o(.text)
    __semihosting_library_function           0x08000fcb   Thumb Code     0  indicate_semi.o(.text)
    _btod_d2e                                0x08000fcb   Thumb Code    62  btod.o(CL$$btod_d2e)
    _d2e_denorm_low                          0x08001009   Thumb Code    70  btod.o(CL$$btod_d2e_denorm_low)
    _d2e_norm_op1                            0x0800104f   Thumb Code    96  btod.o(CL$$btod_d2e_norm_op1)
    __btod_div_common                        0x080010af   Thumb Code   696  btod.o(CL$$btod_div_common)
    _e2e                                     0x080013e7   Thumb Code   220  btod.o(CL$$btod_e2e)
    _btod_ediv                               0x080014c3   Thumb Code    42  btod.o(CL$$btod_ediv)
    _btod_emul                               0x080014ed   Thumb Code    42  btod.o(CL$$btod_emul)
    __btod_mult_common                       0x08001517   Thumb Code   580  btod.o(CL$$btod_mult_common)
    Alert_AllOff                             0x0800175d   Thumb Code    30  alert.o(i.Alert_AllOff)
    Alert_Init                               0x08001789   Thumb Code     4  alert.o(i.Alert_Init)
    Alert_Trigger                            0x0800178d   Thumb Code    42  alert.o(i.Alert_Trigger)
    Alert_Update                             0x080017c5   Thumb Code    48  alert.o(i.Alert_Update)
    BusFault_Handler                         0x08001801   Thumb Code     2  stm32f4xx_it.o(i.BusFault_Handler)
    DWT_Delay_us                             0x08001805   Thumb Code    28  oled.o(i.DWT_Delay_us)
    DWT_Init                                 0x0800182d   Thumb Code    26  oled.o(i.DWT_Init)
    DebugMon_Handler                         0x08001851   Thumb Code     2  stm32f4xx_it.o(i.DebugMon_Handler)
    Encoder_Get_Counts                       0x08001871   Thumb Code    18  encoder.o(i.Encoder_Get_Counts)
    Encoder_Get_Speed                        0x08001889   Thumb Code    18  encoder.o(i.Encoder_Get_Speed)
    Encoder_Init                             0x080018a1   Thumb Code    50  encoder.o(i.Encoder_Init)
    Encoder_Reset                            0x080018d5   Thumb Code    36  encoder.o(i.Encoder_Reset)
    Encoder_Update                           0x080018fd   Thumb Code    72  encoder.o(i.Encoder_Update)
    Error_Handler                            0x08001949   Thumb Code     4  main.o(i.Error_Handler)
    HAL_DMA_Abort                            0x0800194d   Thumb Code   146  stm32f4xx_hal_dma.o(i.HAL_DMA_Abort)
    HAL_DMA_Abort_IT                         0x080019df   Thumb Code    36  stm32f4xx_hal_dma.o(i.HAL_DMA_Abort_IT)
    HAL_Delay                                0x08001a05   Thumb Code    32  stm32f4xx_hal.o(i.HAL_Delay)
    HAL_GPIO_Init                            0x08001a29   Thumb Code   450  stm32f4xx_hal_gpio.o(i.HAL_GPIO_Init)
    HAL_GPIO_ReadPin                         0x08001c19   Thumb Code    10  stm32f4xx_hal_gpio.o(i.HAL_GPIO_ReadPin)
    HAL_GPIO_WritePin                        0x08001c23   Thumb Code    10  stm32f4xx_hal_gpio.o(i.HAL_GPIO_WritePin)
    HAL_GetTick                              0x08001c2d   Thumb Code     6  stm32f4xx_hal.o(i.HAL_GetTick)
    HAL_I2C_Init                             0x08001c39   Thumb Code   376  stm32f4xx_hal_i2c.o(i.HAL_I2C_Init)
    HAL_I2C_Mem_Read                         0x08001dc1   Thumb Code   502  stm32f4xx_hal_i2c.o(i.HAL_I2C_Mem_Read)
    HAL_I2C_Mem_Write                        0x08001fc5   Thumb Code   294  stm32f4xx_hal_i2c.o(i.HAL_I2C_Mem_Write)
    HAL_I2C_MspInit                          0x080020f5   Thumb Code    92  i2c.o(i.HAL_I2C_MspInit)
    HAL_IncTick                              0x0800215d   Thumb Code    12  stm32f4xx_hal.o(i.HAL_IncTick)
    HAL_Init                                 0x0800216d   Thumb Code    48  stm32f4xx_hal.o(i.HAL_Init)
    HAL_InitTick                             0x080021a1   Thumb Code    54  stm32f4xx_hal.o(i.HAL_InitTick)
    HAL_MspInit                              0x080021e1   Thumb Code    42  stm32f4xx_hal_msp.o(i.HAL_MspInit)
    HAL_NVIC_EnableIRQ                       0x08002211   Thumb Code    26  stm32f4xx_hal_cortex.o(i.HAL_NVIC_EnableIRQ)
    HAL_NVIC_SetPriority                     0x0800222d   Thumb Code    60  stm32f4xx_hal_cortex.o(i.HAL_NVIC_SetPriority)
    HAL_NVIC_SetPriorityGrouping             0x0800226d   Thumb Code    26  stm32f4xx_hal_cortex.o(i.HAL_NVIC_SetPriorityGrouping)
    HAL_RCC_ClockConfig                      0x08002291   Thumb Code   288  stm32f4xx_hal_rcc.o(i.HAL_RCC_ClockConfig)
    HAL_RCC_GetPCLK1Freq                     0x080023c5   Thumb Code    20  stm32f4xx_hal_rcc.o(i.HAL_RCC_GetPCLK1Freq)
    HAL_RCC_GetPCLK2Freq                     0x080023e5   Thumb Code    20  stm32f4xx_hal_rcc.o(i.HAL_RCC_GetPCLK2Freq)
    HAL_RCC_GetSysClockFreq                  0x08002405   Thumb Code    88  stm32f4xx_hal_rcc.o(i.HAL_RCC_GetSysClockFreq)
    HAL_RCC_OscConfig                        0x08002469   Thumb Code   856  stm32f4xx_hal_rcc.o(i.HAL_RCC_OscConfig)
    HAL_SYSTICK_Config                       0x080027d5   Thumb Code    40  stm32f4xx_hal_cortex.o(i.HAL_SYSTICK_Config)
    HAL_TIMEx_BreakCallback                  0x080027fd   Thumb Code     2  stm32f4xx_hal_tim_ex.o(i.HAL_TIMEx_BreakCallback)
    HAL_TIMEx_CommutCallback                 0x080027ff   Thumb Code     2  stm32f4xx_hal_tim_ex.o(i.HAL_TIMEx_CommutCallback)
    HAL_TIMEx_MasterConfigSynchronization    0x08002801   Thumb Code   116  stm32f4xx_hal_tim_ex.o(i.HAL_TIMEx_MasterConfigSynchronization)
    HAL_TIM_Base_Init                        0x08002891   Thumb Code    90  stm32f4xx_hal_tim.o(i.HAL_TIM_Base_Init)
    HAL_TIM_Base_MspInit                     0x080028ed   Thumb Code    72  tim.o(i.HAL_TIM_Base_MspInit)
    HAL_TIM_Base_Start_IT                    0x08002941   Thumb Code   100  stm32f4xx_hal_tim.o(i.HAL_TIM_Base_Start_IT)
    HAL_TIM_ConfigClockSource                0x080029c1   Thumb Code   220  stm32f4xx_hal_tim.o(i.HAL_TIM_ConfigClockSource)
    HAL_TIM_Encoder_Init                     0x08002a9d   Thumb Code   164  stm32f4xx_hal_tim.o(i.HAL_TIM_Encoder_Init)
    HAL_TIM_Encoder_MspInit                  0x08002b41   Thumb Code   150  tim.o(i.HAL_TIM_Encoder_MspInit)
    HAL_TIM_Encoder_Start                    0x08002bed   Thumb Code   142  stm32f4xx_hal_tim.o(i.HAL_TIM_Encoder_Start)
    HAL_TIM_IC_CaptureCallback               0x08002c7b   Thumb Code     2  stm32f4xx_hal_tim.o(i.HAL_TIM_IC_CaptureCallback)
    HAL_TIM_IRQHandler                       0x08002c7d   Thumb Code   304  stm32f4xx_hal_tim.o(i.HAL_TIM_IRQHandler)
    HAL_TIM_MspPostInit                      0x08002dad   Thumb Code    70  tim.o(i.HAL_TIM_MspPostInit)
    HAL_TIM_OC_DelayElapsedCallback          0x08002e01   Thumb Code     2  stm32f4xx_hal_tim.o(i.HAL_TIM_OC_DelayElapsedCallback)
    HAL_TIM_PWM_ConfigChannel                0x08002e03   Thumb Code   204  stm32f4xx_hal_tim.o(i.HAL_TIM_PWM_ConfigChannel)
    HAL_TIM_PWM_Init                         0x08002ecf   Thumb Code    90  stm32f4xx_hal_tim.o(i.HAL_TIM_PWM_Init)
    HAL_TIM_PWM_MspInit                      0x08002f29   Thumb Code     2  stm32f4xx_hal_tim.o(i.HAL_TIM_PWM_MspInit)
    HAL_TIM_PWM_PulseFinishedCallback        0x08002f2b   Thumb Code     2  stm32f4xx_hal_tim.o(i.HAL_TIM_PWM_PulseFinishedCallback)
    HAL_TIM_PWM_Start                        0x08002f2d   Thumb Code   172  stm32f4xx_hal_tim.o(i.HAL_TIM_PWM_Start)
    HAL_TIM_PeriodElapsedCallback            0x08002ff5   Thumb Code    58  main.o(i.HAL_TIM_PeriodElapsedCallback)
    HAL_TIM_TriggerCallback                  0x08003039   Thumb Code     2  stm32f4xx_hal_tim.o(i.HAL_TIM_TriggerCallback)
    HAL_UARTEx_RxEventCallback               0x0800303b   Thumb Code     2  stm32f4xx_hal_uart.o(i.HAL_UARTEx_RxEventCallback)
    HAL_UART_ErrorCallback                   0x0800303d   Thumb Code     2  stm32f4xx_hal_uart.o(i.HAL_UART_ErrorCallback)
    HAL_UART_IRQHandler                      0x08003041   Thumb Code   618  stm32f4xx_hal_uart.o(i.HAL_UART_IRQHandler)
    HAL_UART_Init                            0x080032b1   Thumb Code   100  stm32f4xx_hal_uart.o(i.HAL_UART_Init)
    HAL_UART_MspInit                         0x08003315   Thumb Code   146  usart.o(i.HAL_UART_MspInit)
    HAL_UART_Receive_IT                      0x080033b9   Thumb Code    28  stm32f4xx_hal_uart.o(i.HAL_UART_Receive_IT)
    HAL_UART_RxCpltCallback                  0x080033d5   Thumb Code    70  main.o(i.HAL_UART_RxCpltCallback)
    HAL_UART_Transmit                        0x0800342d   Thumb Code   160  stm32f4xx_hal_uart.o(i.HAL_UART_Transmit)
    HAL_UART_TxCpltCallback                  0x080034cd   Thumb Code     2  stm32f4xx_hal_uart.o(i.HAL_UART_TxCpltCallback)
    HardFault_Handler                        0x080034cf   Thumb Code     2  stm32f4xx_it.o(i.HardFault_Handler)
    MPU6050_DMP_Get_Data                     0x08003911   Thumb Code   424  mpu6050.o(i.MPU6050_DMP_Get_Data)
    MPU6050_DMP_init                         0x08003ac5   Thumb Code   172  mpu6050.o(i.MPU6050_DMP_init)
    MPU6050_Get_All_Data                     0x08003b75   Thumb Code   208  mpu6050.o(i.MPU6050_Get_All_Data)
    MX_GPIO_Init                             0x08003c49   Thumb Code   420  gpio.o(i.MX_GPIO_Init)
    MX_I2C1_Init                             0x08003e0d   Thumb Code    50  i2c.o(i.MX_I2C1_Init)
    MX_TIM10_Init                            0x08003e4d   Thumb Code    44  tim.o(i.MX_TIM10_Init)
    MX_TIM3_Init                             0x08003e81   Thumb Code    98  tim.o(i.MX_TIM3_Init)
    MX_TIM8_Init                             0x08003eed   Thumb Code   100  tim.o(i.MX_TIM8_Init)
    MX_TIM9_Init                             0x08003f59   Thumb Code   144  tim.o(i.MX_TIM9_Init)
    MX_UART5_Init                            0x08003ff1   Thumb Code    48  usart.o(i.MX_UART5_Init)
    MemManage_Handler                        0x08004029   Thumb Code     2  stm32f4xx_it.o(i.MemManage_Handler)
    Menu_Handler                             0x0800402d   Thumb Code    78  oled_menu.o(i.Menu_Handler)
    Motion_Go_Straight_Start                 0x08004081   Thumb Code    60  motion_control.o(i.Motion_Go_Straight_Start)
    Motion_Init                              0x080040c9   Thumb Code   144  motion_control.o(i.Motion_Init)
    Motion_Stop                              0x08004181   Thumb Code    16  motion_control.o(i.Motion_Stop)
    Motion_Track_Start                       0x08004195   Thumb Code    72  motion_control.o(i.Motion_Track_Start)
    Motion_Turn_Degrees_Start                0x080041ed   Thumb Code   124  motion_control.o(i.Motion_Turn_Degrees_Start)
    Motion_Turn_To_Angle_Start               0x0800427d   Thumb Code    56  motion_control.o(i.Motion_Turn_To_Angle_Start)
    Motion_Update_In_Interrupt               0x080042c1   Thumb Code   798  motion_control.o(i.Motion_Update_In_Interrupt)
    Motor_Brake                              0x0800461d   Thumb Code   112  motordriver.o(i.Motor_Brake)
    Motor_Control                            0x0800469d   Thumb Code    24  motordriver.o(i.Motor_Control)
    Motor_Init                               0x080046b5   Thumb Code    30  motordriver.o(i.Motor_Init)
    NMI_Handler                              0x080046d9   Thumb Code     2  stm32f4xx_it.o(i.NMI_Handler)
    OLED_Clear                               0x080046db   Thumb Code    38  oled.o(i.OLED_Clear)
    OLED_I2C_Init                            0x08004701   Thumb Code    44  oled.o(i.OLED_I2C_Init)
    OLED_I2C_SendByte                        0x08004731   Thumb Code   116  oled.o(i.OLED_I2C_SendByte)
    OLED_I2C_Start                           0x080047a9   Thumb Code    76  oled.o(i.OLED_I2C_Start)
    OLED_I2C_Stop                            0x080047f9   Thumb Code    60  oled.o(i.OLED_I2C_Stop)
    OLED_Init                                0x08004839   Thumb Code   172  oled.o(i.OLED_Init)
    OLED_SetCursor                           0x080048e5   Thumb Code    34  oled.o(i.OLED_SetCursor)
    OLED_ShowChar                            0x08004909   Thumb Code    98  oled.o(i.OLED_ShowChar)
    OLED_ShowString                          0x08004971   Thumb Code    38  oled.o(i.OLED_ShowString)
    OLED_WriteCommand                        0x08004997   Thumb Code    34  oled.o(i.OLED_WriteCommand)
    OLED_WriteData                           0x080049b9   Thumb Code    34  oled.o(i.OLED_WriteData)
    Odometry_Get_Pose                        0x080049dd   Thumb Code    18  odometry.o(i.Odometry_Get_Pose)
    Odometry_Init                            0x080049f5   Thumb Code    42  odometry.o(i.Odometry_Init)
    Odometry_Reset_Pose                      0x08004a2d   Thumb Code    16  odometry.o(i.Odometry_Reset_Pose)
    Odometry_Sync_With_Encoder_Reset         0x08004a45   Thumb Code    10  odometry.o(i.Odometry_Sync_With_Encoder_Reset)
    Odometry_Update                          0x08004a55   Thumb Code   142  odometry.o(i.Odometry_Update)
    PID_Calculate                            0x08004af9   Thumb Code   164  pid.o(i.PID_Calculate)
    PID_Calculate_Float                      0x08004b9d   Thumb Code   150  pid.o(i.PID_Calculate_Float)
    PID_Init                                 0x08004c35   Thumb Code    28  pid.o(i.PID_Init)
    PID_Reset                                0x08004c55   Thumb Code    14  pid.o(i.PID_Reset)
    PID_Set_Setpoint                         0x08004c69   Thumb Code     4  pid.o(i.PID_Set_Setpoint)
    PID_Set_Setpoint_Float                   0x08004c6d   Thumb Code     6  pid.o(i.PID_Set_Setpoint_Float)
    PendSV_Handler                           0x08004c73   Thumb Code     2  stm32f4xx_it.o(i.PendSV_Handler)
    SVC_Handler                              0x08004c75   Thumb Code     2  stm32f4xx_it.o(i.SVC_Handler)
    Sensor_Get_Line_Error                    0x08004c79   Thumb Code    68  sensor.o(i.Sensor_Get_Line_Error)
    Serial_Sensor_Init                       0x08004cc5   Thumb Code     4  sensor.o(i.Serial_Sensor_Init)
    SysTick_Handler                          0x08004cc9   Thumb Code    34  stm32f4xx_it.o(i.SysTick_Handler)
    SystemClock_Config                       0x08004cf1   Thumb Code   140  main.o(i.SystemClock_Config)
    SystemInit                               0x08004d85   Thumb Code    12  system_stm32f4xx.o(i.SystemInit)
    TIM1_UP_TIM10_IRQHandler                 0x08004d95   Thumb Code     6  stm32f4xx_it.o(i.TIM1_UP_TIM10_IRQHandler)
    TIM_Base_SetConfig                       0x08004da1   Thumb Code   170  stm32f4xx_hal_tim.o(i.TIM_Base_SetConfig)
    TIM_CCxChannelCmd                        0x08004e79   Thumb Code    26  stm32f4xx_hal_tim.o(i.TIM_CCxChannelCmd)
    TIM_ETR_SetConfig                        0x08004e93   Thumb Code    20  stm32f4xx_hal_tim.o(i.TIM_ETR_SetConfig)
    TIM_OC2_SetConfig                        0x08004f19   Thumb Code    98  stm32f4xx_hal_tim.o(i.TIM_OC2_SetConfig)
    Task1_Start                              0x08005085   Thumb Code    30  motion_control.o(i.Task1_Start)
    Task2_Start                              0x080050a9   Thumb Code    30  motion_control.o(i.Task2_Start)
    Task3_Start                              0x080050cd   Thumb Code    30  motion_control.o(i.Task3_Start)
    Task4_Start                              0x080050f5   Thumb Code    34  motion_control.o(i.Task4_Start)
    Task_Get_Status                          0x08005121   Thumb Code    24  motion_control.o(i.Task_Get_Status)
    Task_Stop                                0x0800513d   Thumb Code    24  motion_control.o(i.Task_Stop)
    Task_Update                              0x08005159   Thumb Code   578  motion_control.o(i.Task_Update)
    UART5_IRQHandler                         0x080053d1   Thumb Code     6  stm32f4xx_it.o(i.UART5_IRQHandler)
    UART_Start_Receive_IT                    0x08005609   Thumb Code    54  stm32f4xx_hal_uart.o(i.UART_Start_Receive_IT)
    UsageFault_Handler                       0x080056b1   Thumb Code     2  stm32f4xx_it.o(i.UsageFault_Handler)
    __ARM_fpclassify                         0x080056b3   Thumb Code    48  fpclassify.o(i.__ARM_fpclassify)
    __ARM_fpclassifyf                        0x080056e3   Thumb Code    38  fpclassifyf.o(i.__ARM_fpclassifyf)
    __hardfp_asin                            0x08005729   Thumb Code   770  asin.o(i.__hardfp_asin)
    __hardfp_atan                            0x08005a89   Thumb Code   622  atan.o(i.__hardfp_atan)
    __hardfp_atan2                           0x08005d61   Thumb Code   432  atan2.o(i.__hardfp_atan2)
    __hardfp_cosf                            0x08005f51   Thumb Code   280  cosf.o(i.__hardfp_cosf)
    __hardfp_roundf                          0x080060a1   Thumb Code   154  roundf.o(i.__hardfp_roundf)
    __hardfp_sinf                            0x0800613d   Thumb Code   344  sinf.o(i.__hardfp_sinf)
    __kernel_poly                            0x080062cd   Thumb Code   248  poly.o(i.__kernel_poly)
    __mathlib_dbl_infnan                     0x080063c5   Thumb Code    20  dunder.o(i.__mathlib_dbl_infnan)
    __mathlib_dbl_infnan2                    0x080063d9   Thumb Code    20  dunder.o(i.__mathlib_dbl_infnan2)
    __mathlib_dbl_invalid                    0x080063f1   Thumb Code    24  dunder.o(i.__mathlib_dbl_invalid)
    __mathlib_dbl_underflow                  0x08006411   Thumb Code    24  dunder.o(i.__mathlib_dbl_underflow)
    __mathlib_flt_infnan                     0x08006431   Thumb Code     6  funder.o(i.__mathlib_flt_infnan)
    __mathlib_flt_invalid                    0x08006439   Thumb Code    10  funder.o(i.__mathlib_flt_invalid)
    __mathlib_flt_underflow                  0x08006449   Thumb Code    10  funder.o(i.__mathlib_flt_underflow)
    __mathlib_rredf2                         0x08006459   Thumb Code   316  rredf.o(i.__mathlib_rredf2)
    _is_digit                                0x080065ad   Thumb Code    14  __printf_wp.o(i._is_digit)
    atan                                     0x0800664d   Thumb Code    16  atan.o(i.atan)
    display_menu                             0x0800665d   Thumb Code    66  oled_menu.o(i.display_menu)
    display_task_status                      0x080066b5   Thumb Code   100  oled_menu.o(i.display_task_status)
    dmp_enable_6x_lp_quat                    0x0800676d   Thumb Code    58  inv_mpu_dmp_motion_driver.o(i.dmp_enable_6x_lp_quat)
    dmp_enable_feature                       0x080067a9   Thumb Code   464  inv_mpu_dmp_motion_driver.o(i.dmp_enable_feature)
    dmp_enable_gyro_cal                      0x08006981   Thumb Code    34  inv_mpu_dmp_motion_driver.o(i.dmp_enable_gyro_cal)
    dmp_enable_lp_quat                       0x080069bd   Thumb Code    58  inv_mpu_dmp_motion_driver.o(i.dmp_enable_lp_quat)
    dmp_load_motion_driver_firmware          0x080069f9   Thumb Code    16  inv_mpu_dmp_motion_driver.o(i.dmp_load_motion_driver_firmware)
    dmp_read_fifo                            0x08006a0d   Thumb Code   326  inv_mpu_dmp_motion_driver.o(i.dmp_read_fifo)
    dmp_set_accel_bias                       0x08006b59   Thumb Code   212  inv_mpu_dmp_motion_driver.o(i.dmp_set_accel_bias)
    dmp_set_fifo_rate                        0x08006c31   Thumb Code    82  inv_mpu_dmp_motion_driver.o(i.dmp_set_fifo_rate)
    dmp_set_gyro_bias                        0x08006c95   Thumb Code   196  inv_mpu_dmp_motion_driver.o(i.dmp_set_gyro_bias)
    dmp_set_orientation                      0x08006d61   Thumb Code   246  inv_mpu_dmp_motion_driver.o(i.dmp_set_orientation)
    dmp_set_shake_reject_thresh              0x08006e6d   Thumb Code    48  inv_mpu_dmp_motion_driver.o(i.dmp_set_shake_reject_thresh)
    dmp_set_shake_reject_time                0x08006e9d   Thumb Code    32  inv_mpu_dmp_motion_driver.o(i.dmp_set_shake_reject_time)
    dmp_set_shake_reject_timeout             0x08006ebd   Thumb Code    32  inv_mpu_dmp_motion_driver.o(i.dmp_set_shake_reject_timeout)
    dmp_set_tap_axes                         0x08006edd   Thumb Code    64  inv_mpu_dmp_motion_driver.o(i.dmp_set_tap_axes)
    dmp_set_tap_count                        0x08006f1d   Thumb Code    34  inv_mpu_dmp_motion_driver.o(i.dmp_set_tap_count)
    dmp_set_tap_thresh                       0x08006f41   Thumb Code   314  inv_mpu_dmp_motion_driver.o(i.dmp_set_tap_thresh)
    dmp_set_tap_time                         0x080070a1   Thumb Code    32  inv_mpu_dmp_motion_driver.o(i.dmp_set_tap_time)
    dmp_set_tap_time_multi                   0x080070c1   Thumb Code    32  inv_mpu_dmp_motion_driver.o(i.dmp_set_tap_time_multi)
    fabs                                     0x080070e1   Thumb Code    24  fabs.o(i.fabs)
    gw_gray_serial_read                      0x080075b1   Thumb Code    78  sensor.o(i.gw_gray_serial_read)
    handle_menu_input                        0x080076f5   Thumb Code   154  oled_menu.o(i.handle_menu_input)
    handle_task_view_input                   0x0800779d   Thumb Code    62  oled_menu.o(i.handle_task_view_input)
    main                                     0x0800782d   Thumb Code   238  main.o(i.main)
    mpu_configure_fifo                       0x08007951   Thumb Code    78  inv_mpu.o(i.mpu_configure_fifo)
    mpu_get_accel_fsr                        0x080079a5   Thumb Code    54  inv_mpu.o(i.mpu_get_accel_fsr)
    mpu_get_accel_sens                       0x080079e1   Thumb Code    62  inv_mpu.o(i.mpu_get_accel_sens)
    mpu_get_gyro_fsr                         0x08007a25   Thumb Code    48  inv_mpu.o(i.mpu_get_gyro_fsr)
    mpu_get_gyro_sens                        0x08007a59   Thumb Code    54  inv_mpu.o(i.mpu_get_gyro_sens)
    mpu_get_lpf                              0x08007aa5   Thumb Code    52  inv_mpu.o(i.mpu_get_lpf)
    mpu_get_sample_rate                      0x08007add   Thumb Code    22  inv_mpu.o(i.mpu_get_sample_rate)
    mpu_init                                 0x08007af9   Thumb Code   332  inv_mpu.o(i.mpu_init)
    mpu_load_firmware                        0x08007c4d   Thumb Code   166  inv_mpu.o(i.mpu_load_firmware)
    mpu_lp_accel_mode                        0x08007cfd   Thumb Code   204  inv_mpu.o(i.mpu_lp_accel_mode)
    mpu_read_fifo_stream                     0x08007dd1   Thumb Code   182  inv_mpu.o(i.mpu_read_fifo_stream)
    mpu_read_mem                             0x08007e91   Thumb Code   106  inv_mpu.o(i.mpu_read_mem)
    mpu_reset_fifo                           0x08007f05   Thumb Code   438  inv_mpu.o(i.mpu_reset_fifo)
    mpu_run_self_test                        0x080080c5   Thumb Code   234  inv_mpu.o(i.mpu_run_self_test)
    mpu_set_accel_fsr                        0x080081b5   Thumb Code   112  inv_mpu.o(i.mpu_set_accel_fsr)
    mpu_set_bypass                           0x0800822d   Thumb Code   302  inv_mpu.o(i.mpu_set_bypass)
    mpu_set_dmp_state                        0x08008365   Thumb Code   140  inv_mpu.o(i.mpu_set_dmp_state)
    mpu_set_gyro_fsr                         0x080083f9   Thumb Code   118  inv_mpu.o(i.mpu_set_gyro_fsr)
    mpu_set_int_latched                      0x08008479   Thumb Code   108  inv_mpu.o(i.mpu_set_int_latched)
    mpu_set_lpf                              0x080084ed   Thumb Code   120  inv_mpu.o(i.mpu_set_lpf)
    mpu_set_sample_rate                      0x0800856d   Thumb Code   142  inv_mpu.o(i.mpu_set_sample_rate)
    mpu_set_sensors                          0x08008605   Thumb Code   212  inv_mpu.o(i.mpu_set_sensors)
    mpu_write_mem                            0x080086e1   Thumb Code   106  inv_mpu.o(i.mpu_write_mem)
    sqrt                                     0x08008935   Thumb Code   110  sqrt.o(i.sqrt)
    _get_lc_numeric                          0x080089a5   Thumb Code    44  lc_numeric_c.o(locale$$code)
    __aeabi_dneg                             0x080089d1   Thumb Code     0  basic.o(x$fpl$basic)
    _dneg                                    0x080089d1   Thumb Code     6  basic.o(x$fpl$basic)
    __aeabi_fneg                             0x080089d7   Thumb Code     0  basic.o(x$fpl$basic)
    _fneg                                    0x080089d7   Thumb Code     6  basic.o(x$fpl$basic)
    _dabs                                    0x080089dd   Thumb Code     6  basic.o(x$fpl$basic)
    _fabs                                    0x080089e3   Thumb Code     6  basic.o(x$fpl$basic)
    __aeabi_d2f                              0x080089e9   Thumb Code     0  d2f.o(x$fpl$d2f)
    _d2f                                     0x080089e9   Thumb Code    98  d2f.o(x$fpl$d2f)
    __aeabi_dadd                             0x08008a4d   Thumb Code     0  daddsub_clz.o(x$fpl$dadd)
    _dadd                                    0x08008a4d   Thumb Code   332  daddsub_clz.o(x$fpl$dadd)
    __aeabi_ddiv                             0x08008b9d   Thumb Code     0  ddiv.o(x$fpl$ddiv)
    _ddiv                                    0x08008b9d   Thumb Code   552  ddiv.o(x$fpl$ddiv)
    __aeabi_dmul                             0x08008e4d   Thumb Code     0  dmul.o(x$fpl$dmul)
    _dmul                                    0x08008e4d   Thumb Code   332  dmul.o(x$fpl$dmul)
    __fpl_dnaninf                            0x08008fa1   Thumb Code   156  dnaninf.o(x$fpl$dnaninf)
    __fpl_dretinf                            0x0800903d   Thumb Code    12  dretinf.o(x$fpl$dretinf)
    __aeabi_drsub                            0x08009049   Thumb Code     0  daddsub_clz.o(x$fpl$drsb)
    _drsb                                    0x08009049   Thumb Code    22  daddsub_clz.o(x$fpl$drsb)
    _dsqrt                                   0x08009061   Thumb Code   404  dsqrt_umaal.o(x$fpl$dsqrt)
    __aeabi_dsub                             0x080091f9   Thumb Code     0  daddsub_clz.o(x$fpl$dsub)
    _dsub                                    0x080091f9   Thumb Code   464  daddsub_clz.o(x$fpl$dsub)
    __aeabi_f2d                              0x080093cd   Thumb Code     0  f2d.o(x$fpl$f2d)
    _f2d                                     0x080093cd   Thumb Code    86  f2d.o(x$fpl$f2d)
    __fpl_fnaninf                            0x08009423   Thumb Code   140  fnaninf.o(x$fpl$fnaninf)
    _fp_init                                 0x080094af   Thumb Code    10  fpinit.o(x$fpl$fpinit)
    __fplib_config_fpu_vfp                   0x080094b7   Thumb Code     0  fpinit.o(x$fpl$fpinit)
    __fplib_config_pureend_doubles           0x080094b7   Thumb Code     0  fpinit.o(x$fpl$fpinit)
    __fpl_fretinf                            0x080094b9   Thumb Code    10  fretinf.o(x$fpl$fretinf)
    _frnd                                    0x080094c5   Thumb Code    96  frnd.o(x$fpl$frnd)
    _printf_fp_dec                           0x08009525   Thumb Code     4  printf1.o(x$fpl$printf1)
    AHBPrescTable                            0x08009528   Data          16  system_stm32f4xx.o(.constdata)
    __I$use$fp                               0x08009528   Number         0  usenofp.o(x$fpl$usenofp)
    APBPrescTable                            0x08009538   Data           8  system_stm32f4xx.o(.constdata)
    OLED_F8x16                               0x08009540   Data        1520  oled.o(.constdata)
    reg                                      0x08009b30   Data          30  inv_mpu.o(.constdata)
    hw                                       0x08009b4e   Data          12  inv_mpu.o(.constdata)
    test                                     0x08009b5c   Data          40  inv_mpu.o(.constdata)
    sensor_weights                           0x0800a77a   Data          16  sensor.o(.constdata)
    __mathlib_zero                           0x0800a888   Data           8  qnan.o(.constdata)
    Region$$Table$$Base                      0x0800a974   Number         0  anon$$obj.o(Region$$Table)
    Region$$Table$$Limit                     0x0800a994   Number         0  anon$$obj.o(Region$$Table)
    g_display_speed_left                     0x20000000   Data           4  main.o(.data)
    g_display_speed_right                    0x20000004   Data           4  main.o(.data)
    g_display_counts_left                    0x20000008   Data           4  main.o(.data)
    g_display_counts_right                   0x2000000c   Data           4  main.o(.data)
    command_ready                            0x20000010   Data           1  main.o(.data)
    rx_data                                  0x20000011   Data           1  main.o(.data)
    rx_index                                 0x20000012   Data           2  main.o(.data)
    g_pitch                                  0x20000018   Data           4  main.o(.data)
    g_roll                                   0x2000001c   Data           4  main.o(.data)
    g_yaw                                    0x20000020   Data           4  main.o(.data)
    g_ax_g                                   0x20000024   Data           4  main.o(.data)
    g_ay_g                                   0x20000028   Data           4  main.o(.data)
    g_az_g                                   0x2000002c   Data           4  main.o(.data)
    g_gx_dps                                 0x20000030   Data           4  main.o(.data)
    g_gy_dps                                 0x20000034   Data           4  main.o(.data)
    g_gz_dps                                 0x20000038   Data           4  main.o(.data)
    seconds_counter                          0x2000003c   Data           4  stm32f4xx_it.o(.data)
    ms_counter                               0x20000040   Data           4  stm32f4xx_it.o(.data)
    uwTickFreq                               0x20000044   Data           1  stm32f4xx_hal.o(.data)
    uwTickPrio                               0x20000048   Data           4  stm32f4xx_hal.o(.data)
    uwTick                                   0x2000004c   Data           4  stm32f4xx_hal.o(.data)
    SystemCoreClock                          0x20000050   Data           4  system_stm32f4xx.o(.data)
    sensor_ports                             0x200000d0   Data          32  sensor.o(.data)
    sensor_pins                              0x200000f0   Data          16  sensor.o(.data)
    g_debug_delta_l                          0x20000108   Data           4  odometry.o(.data)
    g_debug_delta_r                          0x2000010c   Data           4  odometry.o(.data)
    selected_item                            0x20000114   Data           4  oled_menu.o(.data)
    num_menu_items                           0x20000118   Data           4  oled_menu.o(.data)
    menu_items                               0x2000011c   Data          16  oled_menu.o(.data)
    g_motion_state                           0x20000135   Data           1  motion_control.o(.data)
    g_current_task_state                     0x20000136   Data           1  motion_control.o(.data)
    g_current_task_id                        0x20000139   Data           1  motion_control.o(.data)
    g_target_distance_counts                 0x20000140   Data           4  motion_control.o(.data)
    g_base_target_speed                      0x20000144   Data           4  motion_control.o(.data)
    g_target_yaw                             0x20000148   Data           4  motion_control.o(.data)
    uart_rx_buffer                           0x20000158   Data          64  main.o(.bss)
    hi2c1                                    0x20000198   Data          84  i2c.o(.bss)
    htim3                                    0x200001ec   Data          72  tim.o(.bss)
    htim8                                    0x20000234   Data          72  tim.o(.bss)
    htim9                                    0x2000027c   Data          72  tim.o(.bss)
    htim10                                   0x200002c4   Data          72  tim.o(.bss)
    huart5                                   0x2000030c   Data          72  usart.o(.bss)
    __libspace_start                         0x20000420   Data          96  libspace.o(.bss)
    __temporary_stack_top$libspace           0x20000480   Data           0  libspace.o(.bss)



==============================================================================

Memory Map of the image

  Image Entry point : 0x08000189

  Load Region LR_IROM1 (Base: 0x08000000, Size: 0x0000ab08, Max: 0x00100000, ABSOLUTE, COMPRESSED[0x0000a9fc])

    Execution Region ER_IROM1 (Exec base: 0x08000000, Load base: 0x08000000, Size: 0x0000a9b0, Max: 0x00100000, ABSOLUTE)

    Exec Addr    Load Addr    Size         Type   Attr      Idx    E Section Name        Object

    0x08000000   0x08000000   0x00000188   Data   RO            3    RESET               startup_stm32f407xx.o
    0x08000188   0x08000188   0x00000008   Code   RO         4835  * !!!main             c_w.l(__main.o)
    0x08000190   0x08000190   0x00000034   Code   RO         5230    !!!scatter          c_w.l(__scatter.o)
    0x080001c4   0x080001c4   0x0000005a   Code   RO         5228    !!dczerorl2         c_w.l(__dczerorl2.o)
    0x0800021e   0x0800021e   0x00000002   PAD
    0x08000220   0x08000220   0x0000001c   Code   RO         5232    !!handler_zi        c_w.l(__scatter_zi.o)
    0x0800023c   0x0800023c   0x00000000   Code   RO         4824    .ARM.Collect$$_printf_percent$$00000000  c_w.l(_printf_percent.o)
    0x0800023c   0x0800023c   0x00000006   Code   RO         4823    .ARM.Collect$$_printf_percent$$00000003  c_w.l(_printf_f.o)
    0x08000242   0x08000242   0x00000006   Code   RO         4822    .ARM.Collect$$_printf_percent$$00000009  c_w.l(_printf_d.o)
    0x08000248   0x08000248   0x00000006   Code   RO         4821    .ARM.Collect$$_printf_percent$$00000014  c_w.l(_printf_s.o)
    0x0800024e   0x0800024e   0x00000004   Code   RO         4918    .ARM.Collect$$_printf_percent$$00000017  c_w.l(_printf_percent_end.o)
    0x08000252   0x08000252   0x00000002   Code   RO         5099    .ARM.Collect$$libinit$$00000000  c_w.l(libinit.o)
    0x08000254   0x08000254   0x00000004   Code   RO         5100    .ARM.Collect$$libinit$$00000001  c_w.l(libinit2.o)
    0x08000258   0x08000258   0x00000000   Code   RO         5103    .ARM.Collect$$libinit$$00000004  c_w.l(libinit2.o)
    0x08000258   0x08000258   0x00000000   Code   RO         5106    .ARM.Collect$$libinit$$0000000A  c_w.l(libinit2.o)
    0x08000258   0x08000258   0x00000000   Code   RO         5108    .ARM.Collect$$libinit$$0000000C  c_w.l(libinit2.o)
    0x08000258   0x08000258   0x00000000   Code   RO         5110    .ARM.Collect$$libinit$$0000000E  c_w.l(libinit2.o)
    0x08000258   0x08000258   0x00000006   Code   RO         5111    .ARM.Collect$$libinit$$0000000F  c_w.l(libinit2.o)
    0x0800025e   0x0800025e   0x00000000   Code   RO         5113    .ARM.Collect$$libinit$$00000011  c_w.l(libinit2.o)
    0x0800025e   0x0800025e   0x00000000   Code   RO         5115    .ARM.Collect$$libinit$$00000013  c_w.l(libinit2.o)
    0x0800025e   0x0800025e   0x00000000   Code   RO         5117    .ARM.Collect$$libinit$$00000015  c_w.l(libinit2.o)
    0x0800025e   0x0800025e   0x0000000a   Code   RO         5118    .ARM.Collect$$libinit$$00000016  c_w.l(libinit2.o)
    0x08000268   0x08000268   0x00000000   Code   RO         5119    .ARM.Collect$$libinit$$00000017  c_w.l(libinit2.o)
    0x08000268   0x08000268   0x00000000   Code   RO         5121    .ARM.Collect$$libinit$$00000019  c_w.l(libinit2.o)
    0x08000268   0x08000268   0x00000000   Code   RO         5123    .ARM.Collect$$libinit$$0000001B  c_w.l(libinit2.o)
    0x08000268   0x08000268   0x00000000   Code   RO         5125    .ARM.Collect$$libinit$$0000001D  c_w.l(libinit2.o)
    0x08000268   0x08000268   0x00000000   Code   RO         5127    .ARM.Collect$$libinit$$0000001F  c_w.l(libinit2.o)
    0x08000268   0x08000268   0x00000000   Code   RO         5129    .ARM.Collect$$libinit$$00000021  c_w.l(libinit2.o)
    0x08000268   0x08000268   0x00000000   Code   RO         5131    .ARM.Collect$$libinit$$00000023  c_w.l(libinit2.o)
    0x08000268   0x08000268   0x00000000   Code   RO         5133    .ARM.Collect$$libinit$$00000025  c_w.l(libinit2.o)
    0x08000268   0x08000268   0x00000000   Code   RO         5137    .ARM.Collect$$libinit$$0000002C  c_w.l(libinit2.o)
    0x08000268   0x08000268   0x00000000   Code   RO         5139    .ARM.Collect$$libinit$$0000002E  c_w.l(libinit2.o)
    0x08000268   0x08000268   0x00000000   Code   RO         5141    .ARM.Collect$$libinit$$00000030  c_w.l(libinit2.o)
    0x08000268   0x08000268   0x00000000   Code   RO         5143    .ARM.Collect$$libinit$$00000032  c_w.l(libinit2.o)
    0x08000268   0x08000268   0x00000002   Code   RO         5144    .ARM.Collect$$libinit$$00000033  c_w.l(libinit2.o)
    0x0800026a   0x0800026a   0x00000002   Code   RO         5193    .ARM.Collect$$libshutdown$$00000000  c_w.l(libshutdown.o)
    0x0800026c   0x0800026c   0x00000000   Code   RO         5211    .ARM.Collect$$libshutdown$$00000002  c_w.l(libshutdown2.o)
    0x0800026c   0x0800026c   0x00000000   Code   RO         5213    .ARM.Collect$$libshutdown$$00000004  c_w.l(libshutdown2.o)
    0x0800026c   0x0800026c   0x00000000   Code   RO         5216    .ARM.Collect$$libshutdown$$00000007  c_w.l(libshutdown2.o)
    0x0800026c   0x0800026c   0x00000000   Code   RO         5219    .ARM.Collect$$libshutdown$$0000000A  c_w.l(libshutdown2.o)
    0x0800026c   0x0800026c   0x00000000   Code   RO         5221    .ARM.Collect$$libshutdown$$0000000C  c_w.l(libshutdown2.o)
    0x0800026c   0x0800026c   0x00000000   Code   RO         5224    .ARM.Collect$$libshutdown$$0000000F  c_w.l(libshutdown2.o)
    0x0800026c   0x0800026c   0x00000002   Code   RO         5225    .ARM.Collect$$libshutdown$$00000010  c_w.l(libshutdown2.o)
    0x0800026e   0x0800026e   0x00000000   Code   RO         4899    .ARM.Collect$$rtentry$$00000000  c_w.l(__rtentry.o)
    0x0800026e   0x0800026e   0x00000000   Code   RO         5015    .ARM.Collect$$rtentry$$00000002  c_w.l(__rtentry2.o)
    0x0800026e   0x0800026e   0x00000006   Code   RO         5027    .ARM.Collect$$rtentry$$00000004  c_w.l(__rtentry4.o)
    0x08000274   0x08000274   0x00000000   Code   RO         5017    .ARM.Collect$$rtentry$$00000009  c_w.l(__rtentry2.o)
    0x08000274   0x08000274   0x00000004   Code   RO         5018    .ARM.Collect$$rtentry$$0000000A  c_w.l(__rtentry2.o)
    0x08000278   0x08000278   0x00000000   Code   RO         5020    .ARM.Collect$$rtentry$$0000000C  c_w.l(__rtentry2.o)
    0x08000278   0x08000278   0x00000008   Code   RO         5021    .ARM.Collect$$rtentry$$0000000D  c_w.l(__rtentry2.o)
    0x08000280   0x08000280   0x00000002   Code   RO         5147    .ARM.Collect$$rtexit$$00000000  c_w.l(rtexit.o)
    0x08000282   0x08000282   0x00000000   Code   RO         5162    .ARM.Collect$$rtexit$$00000002  c_w.l(rtexit2.o)
    0x08000282   0x08000282   0x00000004   Code   RO         5163    .ARM.Collect$$rtexit$$00000003  c_w.l(rtexit2.o)
    0x08000286   0x08000286   0x00000006   Code   RO         5164    .ARM.Collect$$rtexit$$00000004  c_w.l(rtexit2.o)
    0x0800028c   0x0800028c   0x00000040   Code   RO            4    .text               startup_stm32f407xx.o
    0x080002cc   0x080002cc   0x000000ee   Code   RO         4783    .text               c_w.l(lludivv7m.o)
    0x080003ba   0x080003ba   0x00000048   Code   RO         4785    .text               c_w.l(llsdiv.o)
    0x08000402   0x08000402   0x00000002   PAD
    0x08000404   0x08000404   0x00000028   Code   RO         4791    .text               c_w.l(noretval__2sprintf.o)
    0x0800042c   0x0800042c   0x00000034   Code   RO         4793    .text               c_w.l(noretval__2snprintf.o)
    0x08000460   0x08000460   0x00000052   Code   RO         4797    .text               c_w.l(_printf_str.o)
    0x080004b2   0x080004b2   0x00000002   PAD
    0x080004b4   0x080004b4   0x00000078   Code   RO         4799    .text               c_w.l(_printf_dec.o)
    0x0800052c   0x0800052c   0x0000010e   Code   RO         4809    .text               c_w.l(__printf_wp.o)
    0x0800063a   0x0800063a   0x00000058   Code   RO         4825    .text               c_w.l(memcmp.o)
    0x08000692   0x08000692   0x0000003e   Code   RO         4827    .text               c_w.l(strlen.o)
    0x080006d0   0x080006d0   0x00000010   Code   RO         4829    .text               c_w.l(aeabi_memset.o)
    0x080006e0   0x080006e0   0x0000004e   Code   RO         4831    .text               c_w.l(rt_memclr_w.o)
    0x0800072e   0x0800072e   0x00000006   Code   RO         4833    .text               c_w.l(heapauxi.o)
    0x08000734   0x08000734   0x00000016   Code   RO         4904    .text               c_w.l(_rserrno.o)
    0x0800074a   0x0800074a   0x000000b2   Code   RO         4906    .text               c_w.l(_printf_intcommon.o)
    0x080007fc   0x080007fc   0x0000041e   Code   RO         4908    .text               c_w.l(_printf_fp_dec.o)
    0x08000c1a   0x08000c1a   0x00000002   PAD
    0x08000c1c   0x08000c1c   0x00000030   Code   RO         4910    .text               c_w.l(_printf_char_common.o)
    0x08000c4c   0x08000c4c   0x0000000a   Code   RO         4912    .text               c_w.l(_sputc.o)
    0x08000c56   0x08000c56   0x00000010   Code   RO         4914    .text               c_w.l(_snputc.o)
    0x08000c66   0x08000c66   0x0000002c   Code   RO         4916    .text               c_w.l(_printf_char.o)
    0x08000c92   0x08000c92   0x00000044   Code   RO         4919    .text               c_w.l(rt_memclr.o)
    0x08000cd6   0x08000cd6   0x00000002   PAD
    0x08000cd8   0x08000cd8   0x00000008   Code   RO         5034    .text               c_w.l(rt_locale_intlibspace.o)
    0x08000ce0   0x08000ce0   0x00000008   Code   RO         5039    .text               c_w.l(rt_errno_addr_intlibspace.o)
    0x08000ce8   0x08000ce8   0x0000008a   Code   RO         5041    .text               c_w.l(lludiv10.o)
    0x08000d72   0x08000d72   0x00000002   PAD
    0x08000d74   0x08000d74   0x00000080   Code   RO         5043    .text               c_w.l(_printf_fp_infnan.o)
    0x08000df4   0x08000df4   0x000000e4   Code   RO         5047    .text               c_w.l(bigflt0.o)
    0x08000ed8   0x08000ed8   0x00000008   Code   RO         5081    .text               c_w.l(libspace.o)
    0x08000ee0   0x08000ee0   0x0000004a   Code   RO         5084    .text               c_w.l(sys_stackheap_outer.o)
    0x08000f2a   0x08000f2a   0x00000012   Code   RO         5086    .text               c_w.l(exit.o)
    0x08000f3c   0x08000f3c   0x00000080   Code   RO         5092    .text               c_w.l(strcmpv7m.o)
    0x08000fbc   0x08000fbc   0x0000000c   Code   RO         5159    .text               c_w.l(sys_exit.o)
    0x08000fc8   0x08000fc8   0x00000002   Code   RO         5180    .text               c_w.l(use_no_semi.o)
    0x08000fca   0x08000fca   0x00000000   Code   RO         5182    .text               c_w.l(indicate_semi.o)
    0x08000fca   0x08000fca   0x0000003e   Code   RO         5050    CL$$btod_d2e        c_w.l(btod.o)
    0x08001008   0x08001008   0x00000046   Code   RO         5052    CL$$btod_d2e_denorm_low  c_w.l(btod.o)
    0x0800104e   0x0800104e   0x00000060   Code   RO         5051    CL$$btod_d2e_norm_op1  c_w.l(btod.o)
    0x080010ae   0x080010ae   0x00000338   Code   RO         5060    CL$$btod_div_common  c_w.l(btod.o)
    0x080013e6   0x080013e6   0x000000dc   Code   RO         5057    CL$$btod_e2e        c_w.l(btod.o)
    0x080014c2   0x080014c2   0x0000002a   Code   RO         5054    CL$$btod_ediv       c_w.l(btod.o)
    0x080014ec   0x080014ec   0x0000002a   Code   RO         5053    CL$$btod_emul       c_w.l(btod.o)
    0x08001516   0x08001516   0x00000244   Code   RO         5059    CL$$btod_mult_common  c_w.l(btod.o)
    0x0800175a   0x0800175a   0x00000002   PAD
    0x0800175c   0x0800175c   0x0000002c   Code   RO         4612    i.Alert_AllOff      alert.o
    0x08001788   0x08001788   0x00000004   Code   RO         4613    i.Alert_Init        alert.o
    0x0800178c   0x0800178c   0x00000038   Code   RO         4614    i.Alert_Trigger     alert.o
    0x080017c4   0x080017c4   0x0000003c   Code   RO         4615    i.Alert_Update      alert.o
    0x08001800   0x08001800   0x00000002   Code   RO          427    i.BusFault_Handler  stm32f4xx_it.o
    0x08001802   0x08001802   0x00000002   PAD
    0x08001804   0x08001804   0x00000028   Code   RO         3509    i.DWT_Delay_us      oled.o
    0x0800182c   0x0800182c   0x00000024   Code   RO         3510    i.DWT_Init          oled.o
    0x08001850   0x08001850   0x00000002   Code   RO          428    i.DebugMon_Handler  stm32f4xx_it.o
    0x08001852   0x08001852   0x00000002   PAD
    0x08001854   0x08001854   0x0000001c   Code   RO         4326    i.Encoder_GetHandle  encoder.o
    0x08001870   0x08001870   0x00000018   Code   RO         4327    i.Encoder_Get_Counts  encoder.o
    0x08001888   0x08001888   0x00000018   Code   RO         4329    i.Encoder_Get_Speed  encoder.o
    0x080018a0   0x080018a0   0x00000032   Code   RO         4330    i.Encoder_Init      encoder.o
    0x080018d2   0x080018d2   0x00000002   PAD
    0x080018d4   0x080018d4   0x00000028   Code   RO         4331    i.Encoder_Reset     encoder.o
    0x080018fc   0x080018fc   0x0000004c   Code   RO         4332    i.Encoder_Update    encoder.o
    0x08001948   0x08001948   0x00000004   Code   RO           13    i.Error_Handler     main.o
    0x0800194c   0x0800194c   0x00000092   Code   RO         1459    i.HAL_DMA_Abort     stm32f4xx_hal_dma.o
    0x080019de   0x080019de   0x00000024   Code   RO         1460    i.HAL_DMA_Abort_IT  stm32f4xx_hal_dma.o
    0x08001a02   0x08001a02   0x00000002   PAD
    0x08001a04   0x08001a04   0x00000024   Code   RO         1884    i.HAL_Delay         stm32f4xx_hal.o
    0x08001a28   0x08001a28   0x000001f0   Code   RO         1352    i.HAL_GPIO_Init     stm32f4xx_hal_gpio.o
    0x08001c18   0x08001c18   0x0000000a   Code   RO         1354    i.HAL_GPIO_ReadPin  stm32f4xx_hal_gpio.o
    0x08001c22   0x08001c22   0x0000000a   Code   RO         1356    i.HAL_GPIO_WritePin  stm32f4xx_hal_gpio.o
    0x08001c2c   0x08001c2c   0x0000000c   Code   RO         1890    i.HAL_GetTick       stm32f4xx_hal.o
    0x08001c38   0x08001c38   0x00000188   Code   RO          553    i.HAL_I2C_Init      stm32f4xx_hal_i2c.o
    0x08001dc0   0x08001dc0   0x00000204   Code   RO          571    i.HAL_I2C_Mem_Read  stm32f4xx_hal_i2c.o
    0x08001fc4   0x08001fc4   0x00000130   Code   RO          574    i.HAL_I2C_Mem_Write  stm32f4xx_hal_i2c.o
    0x080020f4   0x080020f4   0x00000068   Code   RO          266    i.HAL_I2C_MspInit   i2c.o
    0x0800215c   0x0800215c   0x00000010   Code   RO         1896    i.HAL_IncTick       stm32f4xx_hal.o
    0x0800216c   0x0800216c   0x00000034   Code   RO         1897    i.HAL_Init          stm32f4xx_hal.o
    0x080021a0   0x080021a0   0x00000040   Code   RO         1898    i.HAL_InitTick      stm32f4xx_hal.o
    0x080021e0   0x080021e0   0x00000030   Code   RO          518    i.HAL_MspInit       stm32f4xx_hal_msp.o
    0x08002210   0x08002210   0x0000001a   Code   RO         1742    i.HAL_NVIC_EnableIRQ  stm32f4xx_hal_cortex.o
    0x0800222a   0x0800222a   0x00000002   PAD
    0x0800222c   0x0800222c   0x00000040   Code   RO         1748    i.HAL_NVIC_SetPriority  stm32f4xx_hal_cortex.o
    0x0800226c   0x0800226c   0x00000024   Code   RO         1749    i.HAL_NVIC_SetPriorityGrouping  stm32f4xx_hal_cortex.o
    0x08002290   0x08002290   0x00000134   Code   RO          998    i.HAL_RCC_ClockConfig  stm32f4xx_hal_rcc.o
    0x080023c4   0x080023c4   0x00000020   Code   RO         1005    i.HAL_RCC_GetPCLK1Freq  stm32f4xx_hal_rcc.o
    0x080023e4   0x080023e4   0x00000020   Code   RO         1006    i.HAL_RCC_GetPCLK2Freq  stm32f4xx_hal_rcc.o
    0x08002404   0x08002404   0x00000064   Code   RO         1007    i.HAL_RCC_GetSysClockFreq  stm32f4xx_hal_rcc.o
    0x08002468   0x08002468   0x0000036c   Code   RO         1010    i.HAL_RCC_OscConfig  stm32f4xx_hal_rcc.o
    0x080027d4   0x080027d4   0x00000028   Code   RO         1753    i.HAL_SYSTICK_Config  stm32f4xx_hal_cortex.o
    0x080027fc   0x080027fc   0x00000002   Code   RO         2841    i.HAL_TIMEx_BreakCallback  stm32f4xx_hal_tim_ex.o
    0x080027fe   0x080027fe   0x00000002   Code   RO         2842    i.HAL_TIMEx_CommutCallback  stm32f4xx_hal_tim_ex.o
    0x08002800   0x08002800   0x00000090   Code   RO         2860    i.HAL_TIMEx_MasterConfigSynchronization  stm32f4xx_hal_tim_ex.o
    0x08002890   0x08002890   0x0000005a   Code   RO         2137    i.HAL_TIM_Base_Init  stm32f4xx_hal_tim.o
    0x080028ea   0x080028ea   0x00000002   PAD
    0x080028ec   0x080028ec   0x00000054   Code   RO          308    i.HAL_TIM_Base_MspInit  tim.o
    0x08002940   0x08002940   0x00000080   Code   RO         2142    i.HAL_TIM_Base_Start_IT  stm32f4xx_hal_tim.o
    0x080029c0   0x080029c0   0x000000dc   Code   RO         2146    i.HAL_TIM_ConfigClockSource  stm32f4xx_hal_tim.o
    0x08002a9c   0x08002a9c   0x000000a4   Code   RO         2158    i.HAL_TIM_Encoder_Init  stm32f4xx_hal_tim.o
    0x08002b40   0x08002b40   0x000000ac   Code   RO          310    i.HAL_TIM_Encoder_MspInit  tim.o
    0x08002bec   0x08002bec   0x0000008e   Code   RO         2161    i.HAL_TIM_Encoder_Start  stm32f4xx_hal_tim.o
    0x08002c7a   0x08002c7a   0x00000002   Code   RO         2171    i.HAL_TIM_IC_CaptureCallback  stm32f4xx_hal_tim.o
    0x08002c7c   0x08002c7c   0x00000130   Code   RO         2185    i.HAL_TIM_IRQHandler  stm32f4xx_hal_tim.o
    0x08002dac   0x08002dac   0x00000054   Code   RO          311    i.HAL_TIM_MspPostInit  tim.o
    0x08002e00   0x08002e00   0x00000002   Code   RO         2188    i.HAL_TIM_OC_DelayElapsedCallback  stm32f4xx_hal_tim.o
    0x08002e02   0x08002e02   0x000000cc   Code   RO         2209    i.HAL_TIM_PWM_ConfigChannel  stm32f4xx_hal_tim.o
    0x08002ece   0x08002ece   0x0000005a   Code   RO         2212    i.HAL_TIM_PWM_Init  stm32f4xx_hal_tim.o
    0x08002f28   0x08002f28   0x00000002   Code   RO         2214    i.HAL_TIM_PWM_MspInit  stm32f4xx_hal_tim.o
    0x08002f2a   0x08002f2a   0x00000002   Code   RO         2215    i.HAL_TIM_PWM_PulseFinishedCallback  stm32f4xx_hal_tim.o
    0x08002f2c   0x08002f2c   0x000000c8   Code   RO         2217    i.HAL_TIM_PWM_Start  stm32f4xx_hal_tim.o
    0x08002ff4   0x08002ff4   0x00000044   Code   RO           14    i.HAL_TIM_PeriodElapsedCallback  main.o
    0x08003038   0x08003038   0x00000002   Code   RO         2228    i.HAL_TIM_TriggerCallback  stm32f4xx_hal_tim.o
    0x0800303a   0x0800303a   0x00000002   Code   RO         3120    i.HAL_UARTEx_RxEventCallback  stm32f4xx_hal_uart.o
    0x0800303c   0x0800303c   0x00000002   Code   RO         3134    i.HAL_UART_ErrorCallback  stm32f4xx_hal_uart.o
    0x0800303e   0x0800303e   0x00000002   PAD
    0x08003040   0x08003040   0x00000270   Code   RO         3137    i.HAL_UART_IRQHandler  stm32f4xx_hal_uart.o
    0x080032b0   0x080032b0   0x00000064   Code   RO         3138    i.HAL_UART_Init     stm32f4xx_hal_uart.o
    0x08003314   0x08003314   0x000000a4   Code   RO          386    i.HAL_UART_MspInit  usart.o
    0x080033b8   0x080033b8   0x0000001c   Code   RO         3143    i.HAL_UART_Receive_IT  stm32f4xx_hal_uart.o
    0x080033d4   0x080033d4   0x00000058   Code   RO           15    i.HAL_UART_RxCpltCallback  main.o
    0x0800342c   0x0800342c   0x000000a0   Code   RO         3146    i.HAL_UART_Transmit  stm32f4xx_hal_uart.o
    0x080034cc   0x080034cc   0x00000002   Code   RO         3149    i.HAL_UART_TxCpltCallback  stm32f4xx_hal_uart.o
    0x080034ce   0x080034ce   0x00000002   Code   RO          429    i.HardFault_Handler  stm32f4xx_it.o
    0x080034d0   0x080034d0   0x0000002e   Code   RO          596    i.I2C_IsAcknowledgeFailed  stm32f4xx_hal_i2c.o
    0x080034fe   0x080034fe   0x00000002   PAD
    0x08003500   0x08003500   0x000000fc   Code   RO          606    i.I2C_RequestMemoryRead  stm32f4xx_hal_i2c.o
    0x080035fc   0x080035fc   0x000000a8   Code   RO          607    i.I2C_RequestMemoryWrite  stm32f4xx_hal_i2c.o
    0x080036a4   0x080036a4   0x00000056   Code   RO          611    i.I2C_WaitOnBTFFlagUntilTimeout  stm32f4xx_hal_i2c.o
    0x080036fa   0x080036fa   0x00000002   PAD
    0x080036fc   0x080036fc   0x00000090   Code   RO          612    i.I2C_WaitOnFlagUntilTimeout  stm32f4xx_hal_i2c.o
    0x0800378c   0x0800378c   0x000000bc   Code   RO          613    i.I2C_WaitOnMasterAddressFlagUntilTimeout  stm32f4xx_hal_i2c.o
    0x08003848   0x08003848   0x00000070   Code   RO          614    i.I2C_WaitOnRXNEFlagUntilTimeout  stm32f4xx_hal_i2c.o
    0x080038b8   0x080038b8   0x00000056   Code   RO          615    i.I2C_WaitOnTXEFlagUntilTimeout  stm32f4xx_hal_i2c.o
    0x0800390e   0x0800390e   0x00000002   PAD
    0x08003910   0x08003910   0x000001b4   Code   RO         4134    i.MPU6050_DMP_Get_Data  mpu6050.o
    0x08003ac4   0x08003ac4   0x000000b0   Code   RO         4135    i.MPU6050_DMP_init  mpu6050.o
    0x08003b74   0x08003b74   0x000000d4   Code   RO         4141    i.MPU6050_Get_All_Data  mpu6050.o
    0x08003c48   0x08003c48   0x000001c4   Code   RO          237    i.MX_GPIO_Init      gpio.o
    0x08003e0c   0x08003e0c   0x00000040   Code   RO          267    i.MX_I2C1_Init      i2c.o
    0x08003e4c   0x08003e4c   0x00000034   Code   RO          312    i.MX_TIM10_Init     tim.o
    0x08003e80   0x08003e80   0x0000006c   Code   RO          313    i.MX_TIM3_Init      tim.o
    0x08003eec   0x08003eec   0x0000006c   Code   RO          314    i.MX_TIM8_Init      tim.o
    0x08003f58   0x08003f58   0x00000098   Code   RO          315    i.MX_TIM9_Init      tim.o
    0x08003ff0   0x08003ff0   0x00000038   Code   RO          387    i.MX_UART5_Init     usart.o
    0x08004028   0x08004028   0x00000002   Code   RO          430    i.MemManage_Handler  stm32f4xx_it.o
    0x0800402a   0x0800402a   0x00000002   PAD
    0x0800402c   0x0800402c   0x00000054   Code   RO         4550    i.Menu_Handler      oled_menu.o
    0x08004080   0x08004080   0x00000048   Code   RO         4661    i.Motion_Go_Straight_Start  motion_control.o
    0x080040c8   0x080040c8   0x000000b8   Code   RO         4662    i.Motion_Init       motion_control.o
    0x08004180   0x08004180   0x00000014   Code   RO         4664    i.Motion_Stop       motion_control.o
    0x08004194   0x08004194   0x00000058   Code   RO         4665    i.Motion_Track_Start  motion_control.o
    0x080041ec   0x080041ec   0x00000090   Code   RO         4666    i.Motion_Turn_Degrees_Start  motion_control.o
    0x0800427c   0x0800427c   0x00000044   Code   RO         4667    i.Motion_Turn_To_Angle_Start  motion_control.o
    0x080042c0   0x080042c0   0x0000035c   Code   RO         4668    i.Motion_Update_In_Interrupt  motion_control.o
    0x0800461c   0x0800461c   0x00000080   Code   RO         4282    i.Motor_Brake       motordriver.o
    0x0800469c   0x0800469c   0x00000018   Code   RO         4283    i.Motor_Control     motordriver.o
    0x080046b4   0x080046b4   0x00000024   Code   RO         4284    i.Motor_Init        motordriver.o
    0x080046d8   0x080046d8   0x00000002   Code   RO          431    i.NMI_Handler       stm32f4xx_it.o
    0x080046da   0x080046da   0x00000026   Code   RO         3511    i.OLED_Clear        oled.o
    0x08004700   0x08004700   0x00000030   Code   RO         3512    i.OLED_I2C_Init     oled.o
    0x08004730   0x08004730   0x00000078   Code   RO         3513    i.OLED_I2C_SendByte  oled.o
    0x080047a8   0x080047a8   0x00000050   Code   RO         3514    i.OLED_I2C_Start    oled.o
    0x080047f8   0x080047f8   0x00000040   Code   RO         3515    i.OLED_I2C_Stop     oled.o
    0x08004838   0x08004838   0x000000ac   Code   RO         3516    i.OLED_Init         oled.o
    0x080048e4   0x080048e4   0x00000022   Code   RO         3518    i.OLED_SetCursor    oled.o
    0x08004906   0x08004906   0x00000002   PAD
    0x08004908   0x08004908   0x00000068   Code   RO         3520    i.OLED_ShowChar     oled.o
    0x08004970   0x08004970   0x00000026   Code   RO         3524    i.OLED_ShowString   oled.o
    0x08004996   0x08004996   0x00000022   Code   RO         3525    i.OLED_WriteCommand  oled.o
    0x080049b8   0x080049b8   0x00000022   Code   RO         3526    i.OLED_WriteData    oled.o
    0x080049da   0x080049da   0x00000002   PAD
    0x080049dc   0x080049dc   0x00000018   Code   RO         4495    i.Odometry_Get_Pose  odometry.o
    0x080049f4   0x080049f4   0x00000038   Code   RO         4496    i.Odometry_Init     odometry.o
    0x08004a2c   0x08004a2c   0x00000018   Code   RO         4497    i.Odometry_Reset_Pose  odometry.o
    0x08004a44   0x08004a44   0x00000010   Code   RO         4498    i.Odometry_Sync_With_Encoder_Reset  odometry.o
    0x08004a54   0x08004a54   0x000000a4   Code   RO         4499    i.Odometry_Update   odometry.o
    0x08004af8   0x08004af8   0x000000a4   Code   RO         4386    i.PID_Calculate     pid.o
    0x08004b9c   0x08004b9c   0x00000096   Code   RO         4387    i.PID_Calculate_Float  pid.o
    0x08004c32   0x08004c32   0x00000002   PAD
    0x08004c34   0x08004c34   0x00000020   Code   RO         4388    i.PID_Init          pid.o
    0x08004c54   0x08004c54   0x00000014   Code   RO         4389    i.PID_Reset         pid.o
    0x08004c68   0x08004c68   0x00000004   Code   RO         4390    i.PID_Set_Setpoint  pid.o
    0x08004c6c   0x08004c6c   0x00000006   Code   RO         4391    i.PID_Set_Setpoint_Float  pid.o
    0x08004c72   0x08004c72   0x00000002   Code   RO          432    i.PendSV_Handler    stm32f4xx_it.o
    0x08004c74   0x08004c74   0x00000002   Code   RO          433    i.SVC_Handler       stm32f4xx_it.o
    0x08004c76   0x08004c76   0x00000002   PAD
    0x08004c78   0x08004c78   0x0000004c   Code   RO         4438    i.Sensor_Get_Line_Error  sensor.o
    0x08004cc4   0x08004cc4   0x00000004   Code   RO         4440    i.Serial_Sensor_Init  sensor.o
    0x08004cc8   0x08004cc8   0x00000028   Code   RO          434    i.SysTick_Handler   stm32f4xx_it.o
    0x08004cf0   0x08004cf0   0x00000094   Code   RO           16    i.SystemClock_Config  main.o
    0x08004d84   0x08004d84   0x00000010   Code   RO         3472    i.SystemInit        system_stm32f4xx.o
    0x08004d94   0x08004d94   0x0000000c   Code   RO          435    i.TIM1_UP_TIM10_IRQHandler  stm32f4xx_it.o
    0x08004da0   0x08004da0   0x000000d8   Code   RO         2230    i.TIM_Base_SetConfig  stm32f4xx_hal_tim.o
    0x08004e78   0x08004e78   0x0000001a   Code   RO         2231    i.TIM_CCxChannelCmd  stm32f4xx_hal_tim.o
    0x08004e92   0x08004e92   0x00000014   Code   RO         2241    i.TIM_ETR_SetConfig  stm32f4xx_hal_tim.o
    0x08004ea6   0x08004ea6   0x00000010   Code   RO         2242    i.TIM_ITRx_SetConfig  stm32f4xx_hal_tim.o
    0x08004eb6   0x08004eb6   0x00000002   PAD
    0x08004eb8   0x08004eb8   0x00000060   Code   RO         2243    i.TIM_OC1_SetConfig  stm32f4xx_hal_tim.o
    0x08004f18   0x08004f18   0x0000006c   Code   RO         2244    i.TIM_OC2_SetConfig  stm32f4xx_hal_tim.o
    0x08004f84   0x08004f84   0x00000068   Code   RO         2245    i.TIM_OC3_SetConfig  stm32f4xx_hal_tim.o
    0x08004fec   0x08004fec   0x00000050   Code   RO         2246    i.TIM_OC4_SetConfig  stm32f4xx_hal_tim.o
    0x0800503c   0x0800503c   0x00000022   Code   RO         2248    i.TIM_TI1_ConfigInputStage  stm32f4xx_hal_tim.o
    0x0800505e   0x0800505e   0x00000024   Code   RO         2250    i.TIM_TI2_ConfigInputStage  stm32f4xx_hal_tim.o
    0x08005082   0x08005082   0x00000002   PAD
    0x08005084   0x08005084   0x00000024   Code   RO         4669    i.Task1_Start       motion_control.o
    0x080050a8   0x080050a8   0x00000024   Code   RO         4670    i.Task2_Start       motion_control.o
    0x080050cc   0x080050cc   0x00000028   Code   RO         4671    i.Task3_Start       motion_control.o
    0x080050f4   0x080050f4   0x0000002c   Code   RO         4672    i.Task4_Start       motion_control.o
    0x08005120   0x08005120   0x0000001c   Code   RO         4673    i.Task_Get_Status   motion_control.o
    0x0800513c   0x0800513c   0x0000001c   Code   RO         4674    i.Task_Stop         motion_control.o
    0x08005158   0x08005158   0x00000278   Code   RO         4675    i.Task_Update       motion_control.o
    0x080053d0   0x080053d0   0x0000000c   Code   RO          436    i.UART5_IRQHandler  stm32f4xx_it.o
    0x080053dc   0x080053dc   0x00000010   Code   RO         3151    i.UART_DMAAbortOnError  stm32f4xx_hal_uart.o
    0x080053ec   0x080053ec   0x0000004e   Code   RO         3161    i.UART_EndRxTransfer  stm32f4xx_hal_uart.o
    0x0800543a   0x0800543a   0x000000c2   Code   RO         3163    i.UART_Receive_IT   stm32f4xx_hal_uart.o
    0x080054fc   0x080054fc   0x0000010c   Code   RO         3164    i.UART_SetConfig    stm32f4xx_hal_uart.o
    0x08005608   0x08005608   0x00000036   Code   RO         3166    i.UART_Start_Receive_IT  stm32f4xx_hal_uart.o
    0x0800563e   0x0800563e   0x00000072   Code   RO         3167    i.UART_WaitOnFlagUntilTimeout  stm32f4xx_hal_uart.o
    0x080056b0   0x080056b0   0x00000002   Code   RO          437    i.UsageFault_Handler  stm32f4xx_it.o
    0x080056b2   0x080056b2   0x00000030   Code   RO         4978    i.__ARM_fpclassify  m_wm.l(fpclassify.o)
    0x080056e2   0x080056e2   0x00000026   Code   RO         4980    i.__ARM_fpclassifyf  m_wm.l(fpclassifyf.o)
    0x08005708   0x08005708   0x00000020   Code   RO         1755    i.__NVIC_SetPriority  stm32f4xx_hal_cortex.o
    0x08005728   0x08005728   0x00000360   Code   RO         4845    i.__hardfp_asin     m_wm.l(asin.o)
    0x08005a88   0x08005a88   0x000002d8   Code   RO         4944    i.__hardfp_atan     m_wm.l(atan.o)
    0x08005d60   0x08005d60   0x000001f0   Code   RO         4859    i.__hardfp_atan2    m_wm.l(atan2.o)
    0x08005f50   0x08005f50   0x00000150   Code   RO         4871    i.__hardfp_cosf     m_wm.l(cosf.o)
    0x080060a0   0x080060a0   0x0000009a   Code   RO         4895    i.__hardfp_roundf   m_wm.l(roundf.o)
    0x0800613a   0x0800613a   0x00000002   PAD
    0x0800613c   0x0800613c   0x00000190   Code   RO         4883    i.__hardfp_sinf     m_wm.l(sinf.o)
    0x080062cc   0x080062cc   0x000000f8   Code   RO         4996    i.__kernel_poly     m_wm.l(poly.o)
    0x080063c4   0x080063c4   0x00000014   Code   RO         4959    i.__mathlib_dbl_infnan  m_wm.l(dunder.o)
    0x080063d8   0x080063d8   0x00000014   Code   RO         4960    i.__mathlib_dbl_infnan2  m_wm.l(dunder.o)
    0x080063ec   0x080063ec   0x00000004   PAD
    0x080063f0   0x080063f0   0x00000020   Code   RO         4961    i.__mathlib_dbl_invalid  m_wm.l(dunder.o)
    0x08006410   0x08006410   0x00000020   Code   RO         4964    i.__mathlib_dbl_underflow  m_wm.l(dunder.o)
    0x08006430   0x08006430   0x00000006   Code   RO         4983    i.__mathlib_flt_infnan  m_wm.l(funder.o)
    0x08006436   0x08006436   0x00000002   PAD
    0x08006438   0x08006438   0x00000010   Code   RO         4985    i.__mathlib_flt_invalid  m_wm.l(funder.o)
    0x08006448   0x08006448   0x00000010   Code   RO         4988    i.__mathlib_flt_underflow  m_wm.l(funder.o)
    0x08006458   0x08006458   0x00000154   Code   RO         4999    i.__mathlib_rredf2  m_wm.l(rredf.o)
    0x080065ac   0x080065ac   0x0000000e   Code   RO         4811    i._is_digit         c_w.l(__printf_wp.o)
    0x080065ba   0x080065ba   0x00000002   PAD
    0x080065bc   0x080065bc   0x00000090   Code   RO         3634    i.accel_self_test   inv_mpu.o
    0x0800664c   0x0800664c   0x00000010   Code   RO         4946    i.atan              m_wm.l(atan.o)
    0x0800665c   0x0800665c   0x00000058   Code   RO         4551    i.display_menu      oled_menu.o
    0x080066b4   0x080066b4   0x000000b8   Code   RO         4552    i.display_task_status  oled_menu.o
    0x0800676c   0x0800676c   0x0000003a   Code   RO         3945    i.dmp_enable_6x_lp_quat  inv_mpu_dmp_motion_driver.o
    0x080067a6   0x080067a6   0x00000002   PAD
    0x080067a8   0x080067a8   0x000001d8   Code   RO         3946    i.dmp_enable_feature  inv_mpu_dmp_motion_driver.o
    0x08006980   0x08006980   0x0000003c   Code   RO         3947    i.dmp_enable_gyro_cal  inv_mpu_dmp_motion_driver.o
    0x080069bc   0x080069bc   0x0000003a   Code   RO         3948    i.dmp_enable_lp_quat  inv_mpu_dmp_motion_driver.o
    0x080069f6   0x080069f6   0x00000002   PAD
    0x080069f8   0x080069f8   0x00000014   Code   RO         3953    i.dmp_load_motion_driver_firmware  inv_mpu_dmp_motion_driver.o
    0x08006a0c   0x08006a0c   0x0000014c   Code   RO         3954    i.dmp_read_fifo     inv_mpu_dmp_motion_driver.o
    0x08006b58   0x08006b58   0x000000d8   Code   RO         3957    i.dmp_set_accel_bias  inv_mpu_dmp_motion_driver.o
    0x08006c30   0x08006c30   0x00000064   Code   RO         3958    i.dmp_set_fifo_rate  inv_mpu_dmp_motion_driver.o
    0x08006c94   0x08006c94   0x000000cc   Code   RO         3959    i.dmp_set_gyro_bias  inv_mpu_dmp_motion_driver.o
    0x08006d60   0x08006d60   0x0000010c   Code   RO         3961    i.dmp_set_orientation  inv_mpu_dmp_motion_driver.o
    0x08006e6c   0x08006e6c   0x00000030   Code   RO         3964    i.dmp_set_shake_reject_thresh  inv_mpu_dmp_motion_driver.o
    0x08006e9c   0x08006e9c   0x00000020   Code   RO         3965    i.dmp_set_shake_reject_time  inv_mpu_dmp_motion_driver.o
    0x08006ebc   0x08006ebc   0x00000020   Code   RO         3966    i.dmp_set_shake_reject_timeout  inv_mpu_dmp_motion_driver.o
    0x08006edc   0x08006edc   0x00000040   Code   RO         3967    i.dmp_set_tap_axes  inv_mpu_dmp_motion_driver.o
    0x08006f1c   0x08006f1c   0x00000022   Code   RO         3968    i.dmp_set_tap_count  inv_mpu_dmp_motion_driver.o
    0x08006f3e   0x08006f3e   0x00000002   PAD
    0x08006f40   0x08006f40   0x00000160   Code   RO         3969    i.dmp_set_tap_thresh  inv_mpu_dmp_motion_driver.o
    0x080070a0   0x080070a0   0x00000020   Code   RO         3970    i.dmp_set_tap_time  inv_mpu_dmp_motion_driver.o
    0x080070c0   0x080070c0   0x00000020   Code   RO         3971    i.dmp_set_tap_time_multi  inv_mpu_dmp_motion_driver.o
    0x080070e0   0x080070e0   0x00000018   Code   RO         4974    i.fabs              m_wm.l(fabs.o)
    0x080070f8   0x080070f8   0x000000c4   Code   RO         3635    i.get_accel_prod_shift  inv_mpu.o
    0x080071bc   0x080071bc   0x000003f4   Code   RO         3636    i.get_st_biases     inv_mpu.o
    0x080075b0   0x080075b0   0x00000058   Code   RO         4441    i.gw_gray_serial_read  sensor.o
    0x08007608   0x08007608   0x000000ec   Code   RO         3637    i.gyro_self_test    inv_mpu.o
    0x080076f4   0x080076f4   0x000000a8   Code   RO         4553    i.handle_menu_input  oled_menu.o
    0x0800779c   0x0800779c   0x00000048   Code   RO         4554    i.handle_task_view_input  oled_menu.o
    0x080077e4   0x080077e4   0x00000048   Code   RO         4149    i.inv_row_2_scale   mpu6050.o
    0x0800782c   0x0800782c   0x00000124   Code   RO           17    i.main              main.o
    0x08007950   0x08007950   0x00000054   Code   RO         3638    i.mpu_configure_fifo  inv_mpu.o
    0x080079a4   0x080079a4   0x0000003c   Code   RO         3639    i.mpu_get_accel_fsr  inv_mpu.o
    0x080079e0   0x080079e0   0x00000044   Code   RO         3641    i.mpu_get_accel_sens  inv_mpu.o
    0x08007a24   0x08007a24   0x00000034   Code   RO         3647    i.mpu_get_gyro_fsr  inv_mpu.o
    0x08007a58   0x08007a58   0x0000004c   Code   RO         3649    i.mpu_get_gyro_sens  inv_mpu.o
    0x08007aa4   0x08007aa4   0x00000038   Code   RO         3651    i.mpu_get_lpf       inv_mpu.o
    0x08007adc   0x08007adc   0x0000001c   Code   RO         3653    i.mpu_get_sample_rate  inv_mpu.o
    0x08007af8   0x08007af8   0x00000154   Code   RO         3655    i.mpu_init          inv_mpu.o
    0x08007c4c   0x08007c4c   0x000000b0   Code   RO         3656    i.mpu_load_firmware  inv_mpu.o
    0x08007cfc   0x08007cfc   0x000000d4   Code   RO         3657    i.mpu_lp_accel_mode  inv_mpu.o
    0x08007dd0   0x08007dd0   0x000000c0   Code   RO         3660    i.mpu_read_fifo_stream  inv_mpu.o
    0x08007e90   0x08007e90   0x00000074   Code   RO         3661    i.mpu_read_mem      inv_mpu.o
    0x08007f04   0x08007f04   0x000001c0   Code   RO         3664    i.mpu_reset_fifo    inv_mpu.o
    0x080080c4   0x080080c4   0x000000f0   Code   RO         3665    i.mpu_run_self_test  inv_mpu.o
    0x080081b4   0x080081b4   0x00000078   Code   RO         3667    i.mpu_set_accel_fsr  inv_mpu.o
    0x0800822c   0x0800822c   0x00000138   Code   RO         3668    i.mpu_set_bypass    inv_mpu.o
    0x08008364   0x08008364   0x00000094   Code   RO         3670    i.mpu_set_dmp_state  inv_mpu.o
    0x080083f8   0x080083f8   0x00000080   Code   RO         3671    i.mpu_set_gyro_fsr  inv_mpu.o
    0x08008478   0x08008478   0x00000074   Code   RO         3672    i.mpu_set_int_latched  inv_mpu.o
    0x080084ec   0x080084ec   0x00000080   Code   RO         3674    i.mpu_set_lpf       inv_mpu.o
    0x0800856c   0x0800856c   0x00000098   Code   RO         3675    i.mpu_set_sample_rate  inv_mpu.o
    0x08008604   0x08008604   0x000000dc   Code   RO         3676    i.mpu_set_sensors   inv_mpu.o
    0x080086e0   0x080086e0   0x00000074   Code   RO         3677    i.mpu_write_mem     inv_mpu.o
    0x08008754   0x08008754   0x0000008a   Code   RO         4150    i.run_self_test     mpu6050.o
    0x080087de   0x080087de   0x00000002   PAD
    0x080087e0   0x080087e0   0x0000007c   Code   RO         3678    i.set_int_enable    inv_mpu.o
    0x0800885c   0x0800885c   0x000000d8   Code   RO         4285    i.set_single_motor_speed  motordriver.o
    0x08008934   0x08008934   0x0000006e   Code   RO         5004    i.sqrt              m_wm.l(sqrt.o)
    0x080089a2   0x080089a2   0x00000002   PAD
    0x080089a4   0x080089a4   0x0000002c   Code   RO         5073    locale$$code        c_w.l(lc_numeric_c.o)
    0x080089d0   0x080089d0   0x00000018   Code   RO         4921    x$fpl$basic         fz_wm.l(basic.o)
    0x080089e8   0x080089e8   0x00000062   Code   RO         4837    x$fpl$d2f           fz_wm.l(d2f.o)
    0x08008a4a   0x08008a4a   0x00000002   PAD
    0x08008a4c   0x08008a4c   0x00000150   Code   RO         4923    x$fpl$dadd          fz_wm.l(daddsub_clz.o)
    0x08008b9c   0x08008b9c   0x000002b0   Code   RO         4930    x$fpl$ddiv          fz_wm.l(ddiv.o)
    0x08008e4c   0x08008e4c   0x00000154   Code   RO         4839    x$fpl$dmul          fz_wm.l(dmul.o)
    0x08008fa0   0x08008fa0   0x0000009c   Code   RO         4933    x$fpl$dnaninf       fz_wm.l(dnaninf.o)
    0x0800903c   0x0800903c   0x0000000c   Code   RO         4935    x$fpl$dretinf       fz_wm.l(dretinf.o)
    0x08009048   0x08009048   0x00000016   Code   RO         4924    x$fpl$drsb          fz_wm.l(daddsub_clz.o)
    0x0800905e   0x0800905e   0x00000002   PAD
    0x08009060   0x08009060   0x00000198   Code   RO         5077    x$fpl$dsqrt         fz_wm.l(dsqrt_umaal.o)
    0x080091f8   0x080091f8   0x000001d4   Code   RO         4925    x$fpl$dsub          fz_wm.l(daddsub_clz.o)
    0x080093cc   0x080093cc   0x00000056   Code   RO         4841    x$fpl$f2d           fz_wm.l(f2d.o)
    0x08009422   0x08009422   0x0000008c   Code   RO         4937    x$fpl$fnaninf       fz_wm.l(fnaninf.o)
    0x080094ae   0x080094ae   0x0000000a   Code   RO         5157    x$fpl$fpinit        fz_wm.l(fpinit.o)
    0x080094b8   0x080094b8   0x0000000a   Code   RO         4939    x$fpl$fretinf       fz_wm.l(fretinf.o)
    0x080094c2   0x080094c2   0x00000002   PAD
    0x080094c4   0x080094c4   0x00000060   Code   RO         4941    x$fpl$frnd          fz_wm.l(frnd.o)
    0x08009524   0x08009524   0x00000004   Code   RO         4843    x$fpl$printf1       fz_wm.l(printf1.o)
    0x08009528   0x08009528   0x00000000   Code   RO         4943    x$fpl$usenofp       fz_wm.l(usenofp.o)
    0x08009528   0x08009528   0x00000010   Data   RO         3473    .constdata          system_stm32f4xx.o
    0x08009538   0x08009538   0x00000008   Data   RO         3474    .constdata          system_stm32f4xx.o
    0x08009540   0x08009540   0x000005f0   Data   RO         3527    .constdata          oled.o
    0x08009b30   0x08009b30   0x0000001e   Data   RO         3679    .constdata          inv_mpu.o
    0x08009b4e   0x08009b4e   0x0000000c   Data   RO         3680    .constdata          inv_mpu.o
    0x08009b5a   0x08009b5a   0x00000002   PAD
    0x08009b5c   0x08009b5c   0x00000028   Data   RO         3681    .constdata          inv_mpu.o
    0x08009b84   0x08009b84   0x00000bf6   Data   RO         3973    .constdata          inv_mpu_dmp_motion_driver.o
    0x0800a77a   0x0800a77a   0x00000020   Data   RO         4442    .constdata          sensor.o
    0x0800a79a   0x0800a79a   0x00000006   PAD
    0x0800a7a0   0x0800a7a0   0x00000050   Data   RO         4848    .constdata          m_wm.l(asin.o)
    0x0800a7f0   0x0800a7f0   0x00000098   Data   RO         4947    .constdata          m_wm.l(atan.o)
    0x0800a888   0x0800a888   0x00000008   Data   RO         4998    .constdata          m_wm.l(qnan.o)
    0x0800a890   0x0800a890   0x00000020   Data   RO         5000    .constdata          m_wm.l(rredf.o)
    0x0800a8b0   0x0800a8b0   0x00000094   Data   RO         5048    .constdata          c_w.l(bigflt0.o)
    0x0800a944   0x0800a944   0x0000002e   Data   RO         4555    .conststring        oled_menu.o
    0x0800a972   0x0800a972   0x00000002   PAD
    0x0800a974   0x0800a974   0x00000020   Data   RO         5226    Region$$Table       anon$$obj.o
    0x0800a994   0x0800a994   0x0000001c   Data   RO         5072    locale$$data        c_w.l(lc_numeric_c.o)


    Execution Region RW_IRAM1 (Exec base: 0x20000000, Load base: 0x0800a9b0, Size: 0x00000a80, Max: 0x0001c000, ABSOLUTE, COMPRESSED[0x0000004c])

    Exec Addr    Load Addr    Size         Type   Attr      Idx    E Section Name        Object

    0x20000000   COMPRESSED   0x00000004   Data   RW           20    .data               main.o
    0x20000004   COMPRESSED   0x00000004   Data   RW           21    .data               main.o
    0x20000008   COMPRESSED   0x00000004   Data   RW           22    .data               main.o
    0x2000000c   COMPRESSED   0x00000004   Data   RW           23    .data               main.o
    0x20000010   COMPRESSED   0x0000002c   Data   RW           26    .data               main.o
    0x2000003c   COMPRESSED   0x00000008   Data   RW          438    .data               stm32f4xx_it.o
    0x20000044   COMPRESSED   0x0000000c   Data   RW         1904    .data               stm32f4xx_hal.o
    0x20000050   COMPRESSED   0x00000004   Data   RW         3475    .data               system_stm32f4xx.o
    0x20000054   COMPRESSED   0x0000002c   Data   RW         3682    .data               inv_mpu.o
    0x20000080   COMPRESSED   0x00000031   Data   RW         4152    .data               mpu6050.o
    0x200000b1   COMPRESSED   0x00000003   PAD
    0x200000b4   COMPRESSED   0x00000018   Data   RW         4333    .data               encoder.o
    0x200000cc   COMPRESSED   0x00000034   Data   RW         4443    .data               sensor.o
    0x20000100   COMPRESSED   0x00000010   Data   RW         4501    .data               odometry.o
    0x20000110   COMPRESSED   0x0000001c   Data   RW         4556    .data               oled_menu.o
    0x2000012c   COMPRESSED   0x00000008   Data   RW         4616    .data               alert.o
    0x20000134   COMPRESSED   0x00000024   Data   RW         4677    .data               motion_control.o
    0x20000158        -       0x00000040   Zero   RW           19    .bss                main.o
    0x20000198        -       0x00000054   Zero   RW          268    .bss                i2c.o
    0x200001ec        -       0x00000120   Zero   RW          316    .bss                tim.o
    0x2000030c        -       0x00000048   Zero   RW          388    .bss                usart.o
    0x20000354        -       0x00000010   Zero   RW         3972    .bss                inv_mpu_dmp_motion_driver.o
    0x20000364        -       0x0000000c   Zero   RW         4500    .bss                odometry.o
    0x20000370        -       0x000000b0   Zero   RW         4676    .bss                motion_control.o
    0x20000420        -       0x00000060   Zero   RW         5082    .bss                c_w.l(libspace.o)
    0x20000480        -       0x00000200   Zero   RW            2    HEAP                startup_stm32f407xx.o
    0x20000680        -       0x00000400   Zero   RW            1    STACK               startup_stm32f407xx.o


    Execution Region RW_IRAM2 (Exec base: 0x2001c000, Load base: 0x0800a9fc, Size: 0x00000000, Max: 0x00004000, ABSOLUTE)

    **** No section assigned to this execution region ****


==============================================================================

Image component sizes


      Code (inc. data)   RO Data    RW Data    ZI Data      Debug   Object Name

       164         40          0          8          0       2455   alert.o
       242         30          0         24          0       4499   encoder.o
       452         32          0          0          0       1199   gpio.o
       168         26          0          0         84       1637   i2c.o
      5300        286         82         44          0      28287   inv_mpu.o
      2414        134       3062          0         16      19952   inv_mpu_dmp_motion_driver.o
       600         90          0         60         64     705411   main.o
      2280        280          0         36        176      13871   motion_control.o
       404         44          0          0          0       3351   motordriver.o
      1034         20          0         49          0       7491   mpu6050.o
       284         56          0         16         12       3801   odometry.o
       842         44       1520          0          0       8318   oled.o
       596        136         46         28          0       3931   oled_menu.o
       376         10          0          0          0       4601   pid.o
       168         18         32         52          0       2749   sensor.o
        64         26        392          0       1536        832   startup_stm32f407xx.o
       180         28          0         12          0       9325   stm32f4xx_hal.o
       198         14          0          0          0      33759   stm32f4xx_hal_cortex.o
       182          0          0          0          0       2067   stm32f4xx_hal_dma.o
       516         46          0          0          0       2815   stm32f4xx_hal_gpio.o
      2294         52          0          0          0      13078   stm32f4xx_hal_i2c.o
        48          6          0          0          0        838   stm32f4xx_hal_msp.o
      1348         76          0          0          0       5180   stm32f4xx_hal_rcc.o
      2288        138          0          0          0      18797   stm32f4xx_hal_tim.o
       148         28          0          0          0       2449   stm32f4xx_hal_tim_ex.o
      1642         16          0          0          0      11284   stm32f4xx_hal_uart.o
        80         18          0          8          0       5669   stm32f4xx_it.o
        16          4         24          4          0       1099   system_stm32f4xx.o
       760         82          0          0        288       5011   tim.o
       220         26          0          0         72       1720   usart.o

    ----------------------------------------------------------------------
     25350       1806       5200        344       2248     925476   Object Totals
         0          0         32          0          0          0   (incl. Generated)
        42          0         10          3          0          0   (incl. Padding)

    ----------------------------------------------------------------------

      Code (inc. data)   RO Data    RW Data    ZI Data      Debug   Library Member Name

        90          0          0          0          0          0   __dczerorl2.o
         8          0          0          0          0         68   __main.o
       284          0          0          0          0        156   __printf_wp.o
         0          0          0          0          0          0   __rtentry.o
        12          0          0          0          0          0   __rtentry2.o
         6          0          0          0          0          0   __rtentry4.o
        52          8          0          0          0          0   __scatter.o
        28          0          0          0          0          0   __scatter_zi.o
        44          0          0          0          0        108   _printf_char.o
        48          6          0          0          0         96   _printf_char_common.o
         6          0          0          0          0          0   _printf_d.o
       120         16          0          0          0         92   _printf_dec.o
         6          0          0          0          0          0   _printf_f.o
      1054          0          0          0          0        216   _printf_fp_dec.o
       128         16          0          0          0         84   _printf_fp_infnan.o
       178          0          0          0          0         88   _printf_intcommon.o
         0          0          0          0          0          0   _printf_percent.o
         4          0          0          0          0          0   _printf_percent_end.o
         6          0          0          0          0          0   _printf_s.o
        82          0          0          0          0         80   _printf_str.o
        22          0          0          0          0        100   _rserrno.o
        16          0          0          0          0         68   _snputc.o
        10          0          0          0          0         68   _sputc.o
        16          0          0          0          0         68   aeabi_memset.o
       228          4        148          0          0         96   bigflt0.o
      1936        128          0          0          0        672   btod.o
        18          0          0          0          0         80   exit.o
         6          0          0          0          0        152   heapauxi.o
         0          0          0          0          0          0   indicate_semi.o
        44         10         28          0          0         76   lc_numeric_c.o
         2          0          0          0          0          0   libinit.o
        22          0          0          0          0          0   libinit2.o
         2          0          0          0          0          0   libshutdown.o
         2          0          0          0          0          0   libshutdown2.o
         8          4          0          0         96         68   libspace.o
        72          0          0          0          0         76   llsdiv.o
       138          0          0          0          0         80   lludiv10.o
       238          0          0          0          0        100   lludivv7m.o
        88          0          0          0          0         76   memcmp.o
        52          4          0          0          0         84   noretval__2snprintf.o
        40          6          0          0          0         84   noretval__2sprintf.o
         8          4          0          0          0         68   rt_errno_addr_intlibspace.o
         8          4          0          0          0         68   rt_locale_intlibspace.o
        68          0          0          0          0         68   rt_memclr.o
        78          0          0          0          0         80   rt_memclr_w.o
         2          0          0          0          0          0   rtexit.o
        10          0          0          0          0          0   rtexit2.o
       128          0          0          0          0         68   strcmpv7m.o
        62          0          0          0          0         76   strlen.o
        12          4          0          0          0         68   sys_exit.o
        74          0          0          0          0         80   sys_stackheap_outer.o
         2          0          0          0          0         68   use_no_semi.o
        24          0          0          0          0        164   basic.o
        98          4          0          0          0        140   d2f.o
       826         16          0          0          0        492   daddsub_clz.o
       688        140          0          0          0        256   ddiv.o
       340         12          0          0          0        152   dmul.o
       156          4          0          0          0        140   dnaninf.o
        12          0          0          0          0        116   dretinf.o
       408         56          0          0          0        168   dsqrt_umaal.o
        86          4          0          0          0        132   f2d.o
       140          4          0          0          0        132   fnaninf.o
        10          0          0          0          0        116   fpinit.o
        10          0          0          0          0        116   fretinf.o
        96          4          0          0          0        124   frnd.o
         4          0          0          0          0        116   printf1.o
         0          0          0          0          0          0   usenofp.o
       864         94         80          0          0        280   asin.o
       744        106        152          0          0        352   atan.o
       496         64          0          0          0        192   atan2.o
       336         56          0          0          0        136   cosf.o
       104         16          0          0          0        496   dunder.o
        24          0          0          0          0        124   fabs.o
        48          0          0          0          0        124   fpclassify.o
        38          0          0          0          0        116   fpclassifyf.o
        38         12          0          0          0        348   funder.o
       248          0          0          0          0        152   poly.o
         0          0          8          0          0          0   qnan.o
       154          0          0          0          0        140   roundf.o
       340         24         32          0          0        160   rredf.o
       400         56          0          0          0        212   sinf.o
       110          0          0          0          0        148   sqrt.o

    ----------------------------------------------------------------------
     12442        886        448          0         96       8924   Library Totals
        32          0          0          0          0          0   (incl. Padding)

    ----------------------------------------------------------------------

      Code (inc. data)   RO Data    RW Data    ZI Data      Debug   Library Name

      5568        214        176          0         96       3580   c_w.l
      2898        244          0          0          0       2364   fz_wm.l
      3944        428        272          0          0       2980   m_wm.l

    ----------------------------------------------------------------------
     12442        886        448          0         96       8924   Library Totals

    ----------------------------------------------------------------------

==============================================================================


      Code (inc. data)   RO Data    RW Data    ZI Data      Debug   

     37792       2692       5648        344       2344     908872   Grand Totals
     37792       2692       5648         76       2344     908872   ELF Image Totals (compressed)
     37792       2692       5648         76          0          0   ROM Totals

==============================================================================

    Total RO  Size (Code + RO Data)                43440 (  42.42kB)
    Total RW  Size (RW Data + ZI Data)              2688 (   2.63kB)
    Total ROM Size (Code + RO Data + RW Data)      43516 (  42.50kB)

==============================================================================

